Archive member included to satisfy reference by file (symbol)

C:/devkitPro/libgba/lib\libmm.a(mm_mas.o)
                              bn_hw_audio.o (mmStart)
C:/devkitPro/libgba/lib\libmm.a(mm_main.o)
                              C:/devkitPro/libgba/lib\libmm.a(mm_mas.o) (mmCallback)
C:/devkitPro/libgba/lib\libmm.a(mm_effect.o)
                              bn_hw_audio.o (mmEffect)
C:/devkitPro/libgba/lib\libmm.a(mm_mas_arm.o)
                              C:/devkitPro/libgba/lib\libmm.a(mm_mas.o) (mmAllocChannel)
C:/devkitPro/libgba/lib\libmm.a(mm_mixer_gba.o)
                              bn_hw_audio.o (mmVBlank)
C:/devkitPro/libgba/lib\libmm.a(mm_main_gba.o)
                              C:/devkitPro/libgba/lib\libmm.a(mm_mixer_gba.o) (mm_vblank_function)
c:/devkitpro/devkitarm/bin/../lib/gcc/arm-none-eabi/12.2.0/thumb\libgcc.a(_call_via_rX.o)
                              C:/devkitPro/libgba/lib\libmm.a(mm_main_gba.o) (_call_via_r1)
c:/devkitpro/devkitarm/bin/../lib/gcc/arm-none-eabi/12.2.0/thumb\libgcc.a(_aeabi_ldivmod.o)
                              bn_hw_text.o (__aeabi_ldivmod)
c:/devkitpro/devkitarm/bin/../lib/gcc/arm-none-eabi/12.2.0/thumb\libgcc.a(_aeabi_uldivmod.o)
                              bn_hw_text.o (__aeabi_uldivmod)
c:/devkitpro/devkitarm/bin/../lib/gcc/arm-none-eabi/12.2.0/thumb\libgcc.a(_udivmoddi4.o)
                              c:/devkitpro/devkitarm/bin/../lib/gcc/arm-none-eabi/12.2.0/thumb\libgcc.a(_aeabi_ldivmod.o) (__udivmoddi4)
c:/devkitpro/devkitarm/bin/../lib/gcc/arm-none-eabi/12.2.0/../../../../arm-none-eabi/lib/thumb\libg.a(libc_a-init.o)
                              c:/devkitpro/devkitarm/bin/../lib/gcc/arm-none-eabi/12.2.0/../../../../arm-none-eabi/lib/thumb/gba_crt0.o (__libc_init_array)
c:/devkitpro/devkitarm/bin/../lib/gcc/arm-none-eabi/12.2.0/../../../../arm-none-eabi/lib/thumb\libsysbase.a(libsysbase_libsysbase_a-malloc_vars.o)
                              c:/devkitpro/devkitarm/bin/../lib/gcc/arm-none-eabi/12.2.0/../../../../arm-none-eabi/lib/thumb/gba_crt0.o (fake_heap_end)

Discarded input sections

 .text          0x00000000        0x0 c:/devkitpro/devkitarm/bin/../lib/gcc/arm-none-eabi/12.2.0/../../../../arm-none-eabi/lib/thumb/gba_crt0.o
 .data          0x00000000        0x0 c:/devkitpro/devkitarm/bin/../lib/gcc/arm-none-eabi/12.2.0/../../../../arm-none-eabi/lib/thumb/gba_crt0.o
 .bss           0x00000000        0x0 c:/devkitpro/devkitarm/bin/../lib/gcc/arm-none-eabi/12.2.0/../../../../arm-none-eabi/lib/thumb/gba_crt0.o
 .text          0x00000000        0x0 c:/devkitpro/devkitarm/bin/../lib/gcc/arm-none-eabi/12.2.0/thumb/crti.o
 .data          0x00000000        0x0 c:/devkitpro/devkitarm/bin/../lib/gcc/arm-none-eabi/12.2.0/thumb/crti.o
 .bss           0x00000000        0x0 c:/devkitpro/devkitarm/bin/../lib/gcc/arm-none-eabi/12.2.0/thumb/crti.o
 .text          0x00000000        0x0 c:/devkitpro/devkitarm/bin/../lib/gcc/arm-none-eabi/12.2.0/thumb/crtbegin.o
 .data          0x00000000        0x0 c:/devkitpro/devkitarm/bin/../lib/gcc/arm-none-eabi/12.2.0/thumb/crtbegin.o
 .bss           0x00000000        0x0 c:/devkitpro/devkitarm/bin/../lib/gcc/arm-none-eabi/12.2.0/thumb/crtbegin.o
 .rodata.all_implied_fbits
                0x00000000       0x24 c:/devkitpro/devkitarm/bin/../lib/gcc/arm-none-eabi/12.2.0/thumb/crtbegin.o
 .data.__dso_handle
                0x00000000        0x4 c:/devkitpro/devkitarm/bin/../lib/gcc/arm-none-eabi/12.2.0/thumb/crtbegin.o
 .text          0x00000000        0x0 _bn_audio_soundbank.bin.o
 .data          0x00000000        0x0 _bn_audio_soundbank.bin.o
 .bss           0x00000000        0x0 _bn_audio_soundbank.bin.o
 .text          0x00000000        0x0 bg_bn_gfx.o
 .data          0x00000000        0x0 bg_bn_gfx.o
 .bss           0x00000000        0x0 bg_bn_gfx.o
 .text          0x00000000        0x0 block_bn_gfx.o
 .data          0x00000000        0x0 block_bn_gfx.o
 .bss           0x00000000        0x0 block_bn_gfx.o
 .text          0x00000000        0x0 floor_bn_gfx.o
 .data          0x00000000        0x0 floor_bn_gfx.o
 .bss           0x00000000        0x0 floor_bn_gfx.o
 .text          0x00000000        0x0 grav_orb_bn_gfx.o
 .data          0x00000000        0x0 grav_orb_bn_gfx.o
 .bss           0x00000000        0x0 grav_orb_bn_gfx.o
 .text          0x00000000        0x0 half_block_bn_gfx.o
 .data          0x00000000        0x0 half_block_bn_gfx.o
 .bss           0x00000000        0x0 half_block_bn_gfx.o
 .text          0x00000000        0x0 orb_bn_gfx.o
 .data          0x00000000        0x0 orb_bn_gfx.o
 .bss           0x00000000        0x0 orb_bn_gfx.o
 .text          0x00000000        0x0 particle_bn_gfx.o
 .data          0x00000000        0x0 particle_bn_gfx.o
 .bss           0x00000000        0x0 particle_bn_gfx.o
 .text          0x00000000        0x0 player_bn_gfx.o
 .data          0x00000000        0x0 player_bn_gfx.o
 .bss           0x00000000        0x0 player_bn_gfx.o
[...]
Memory Configuration

Name             Origin             Length             Attributes
rom              0x08000000         0x02000000
iwram            0x03000000         0x00008000
ewram            0x02000000         0x00040000
*default*        0x00000000         0xffffffff

Linker script and memory map

                0x08000000                        __text_start = ORIGIN (rom)
                0x02040000                        __eheap_end = (ORIGIN (ewram) + LENGTH (ewram))
                0x03000000                        __iwram_start = ORIGIN (iwram)
                0x03008000                        __iwram_top = (ORIGIN (iwram) + LENGTH (iwram))
                0x03007fa0                        __sp_irq = (__iwram_top - 0x60)
                0x03007f00                        __sp_usr = (__sp_irq - 0xa0)
                0x03007ff8                        __irq_flags = 0x3007ff8
                0x08000000                        . = __text_start

.crt0           0x08000000      0x210
 *(.crt0)
 .crt0          0x08000000      0x210 c:/devkitpro/devkitarm/bin/../lib/gcc/arm-none-eabi/12.2.0/../../../../arm-none-eabi/lib/thumb/gba_crt0.o
                0x08000000                _start
                0x080000c4                __boot_method
                0x080000c5                __slave_number
                0x080000e0                start_vector
                0x08000210                        . = ALIGN (0x4)

.init           0x08000210        0xc
 *(SORT_NONE(.init))
 .init          0x08000210        0x4 c:/devkitpro/devkitarm/bin/../lib/gcc/arm-none-eabi/12.2.0/thumb/crti.o
                0x08000210                _init
 .init          0x08000214        0x8 c:/devkitpro/devkitarm/bin/../lib/gcc/arm-none-eabi/12.2.0/thumb/crtn.o

.plt            0x0800021c        0x0
 *(.plt)
                0x0800021c                        . = ALIGN (0x4)

.text           0x08000220    0x177a0
 *(EXCLUDE_FILE(*.iwram*) .text*)
 .text.__do_global_dtors_aux
                0x08000220       0x2c c:/devkitpro/devkitarm/bin/../lib/gcc/arm-none-eabi/12.2.0/thumb/crtbegin.o
 .text.frame_dummy
                0x0800024c       0x24 c:/devkitpro/devkitarm/bin/../lib/gcc/arm-none-eabi/12.2.0/thumb/crtbegin.o
 .text._ZN3_bn6assert9show_argsIJA19_ciA4_ciEEEvPKcS5_S5_iDpRKT_
                0x08000270       0x6c main.o
                0x08000270                void _bn::assert::show_args<char [19], int, char [4], int>(char const*, char const*, char const*, int, char const (&) [19], int const&, char const (&) [4], int const&)
 .text._ZN2bn7istring7_appendEPKci
                0x080002dc       0x64 main.o
                0x080002dc                bn::istring::_append(char const*, int)
 .text._ZN3_bn6assert9show_argsIJA16_ciA4_ciEEEvPKcS5_S5_iDpRKT_
                0x08000340       0x6c main.o
                0x08000340                void _bn::assert::show_args<char [16], int, char [4], int>(char const*, char const*, char const*, int, char const (&) [16], int const&, char const (&) [4], int const&)
 .text._Z9y_collidePN2bn4rectEPNS_6vectorI3ObjLi60EEEPNS_7fixed_tILi12EEES8_
                0x080003ac      0x108 main.o
                0x080003ac                y_collide(bn::rect*, bn::vector<Obj, 60>*, bn::fixed_t<12>*, bn::fixed_t<12>*)
 .text._ZN3_bn6assert9show_argsIA16_cEEvPKcS4_S4_iRKT_
                0x080004b4       0x50 main.o
                0x080004b4                void _bn::assert::show_args<char [16]>(char const*, char const*, char const*, int, char const (&) [16])
 .text._ZN3_bn6assert9show_argsIA15_cEEvPKcS4_S4_iRKT_
                0x08000504       0x50 main.o
                0x08000504                void _bn::assert::show_args<char [15]>(char const*, char const*, char const*, int, char const (&) [15])
 .text._Z11spawn_layerPN2bn6vectorI3ObjLi60EEEPi
                0x08000554      0x2d0 main.o
                0x08000554                spawn_layer(bn::vector<Obj, 60>*, int*)
 .text._ZN3_bn6assert9show_argsIA17_cEEvPKcS4_S4_iRKT_
                0x08000824       0x50 main.o
                0x08000824                void _bn::assert::show_args<char [17]>(char const*, char const*, char const*, int, char const (&) [17])
 .text._Z13shift_spritesPN2bn6vectorI3ObjLi60EEEiNS_4rectE
                0x08000874      0x2f0 main.o
                0x08000874                shift_sprites(bn::vector<Obj, 60>*, int, bn::rect)
 .text._ZN18Particle_container6updateEi
                0x08000b64      0x124 main.o
                0x08000b64                Particle_container::update(int)
 .text.startup.main
                0x08000c88      0x8fc main.o
                0x08000c88                main
 .text._ZN3_bn6assert9show_argsIA16_ciEEvPKcS4_S4_iRKT_RKT0_
                0x08001584       0x58 common_info.o
                0x08001584                void _bn::assert::show_args<char [16], int>(char const*, char const*, char const*, int, char const (&) [16], int const&)
 .text._ZN3_bn6assert9show_argsIA15_ciEEvPKcS4_S4_iRKT_RKT0_
                0x080015dc       0x58 common_stats.o
                0x080015dc                void _bn::assert::show_args<char [15], int>(char const*, char const*, char const*, int, char const (&) [15], int const&)
 .text._ZN2bn13ostringstream6appendILi12EEEvNS_7fixed_tIXT_EEE
                0x08001634       0xa0 common_stats.o
                0x08001634                void bn::ostringstream::append<12>(bn::fixed_t<12>)
 .text._ZN2bn13audio_manager4initEv
                0x080016d4        0xc bn_audio_manager.o
                0x080016d4                bn::audio_manager::init()
 .text._ZN2bn13audio_manager7disableEv
                0x080016e0        0xc bn_audio_manager.o
                0x080016e0                bn::audio_manager::disable()
 .text._ZN2bn13audio_manager22disable_vblank_handlerEv
                0x080016ec        0xc bn_audio_manager.o
                0x080016ec                bn::audio_manager::disable_vblank_handler()
 .text._ZN2bn13audio_manager6updateEv
                0x080016f8       0x18 bn_audio_manager.o
                0x080016f8                bn::audio_manager::update()
 .text._ZN2bn13audio_manager6commitEv
                0x08001710        0xc bn_audio_manager.o
                0x08001710                bn::audio_manager::commit()
 .text._ZN3_bn6assert9show_argsIA18_ciEEvPKcS4_S4_iRKT_RKT0_
                0x0800171c       0x58 bn_audio_manager.o
                0x0800171c                void _bn::assert::show_args<char [18], int>(char const*, char const*, char const*, int, char const (&) [18], int const&)
 .text._ZN3_bn6assert9show_argsIA14_ciEEvPKcS4_S4_iRKT_RKT0_
                0x08001774       0x58 bn_audio_manager.o
                0x08001774                void _bn::assert::show_args<char [14], int>(char const*, char const*, char const*, int, char const (&) [14], int const&)
 .text._ZN2bn13audio_manager16execute_commandsEv
                0x080017cc      0x240 bn_audio_manager.o
                0x080017cc                bn::audio_manager::execute_commands()
 .text._ZN3_bn6assert9show_argsIA19_ciEEvPKcS4_S4_iRKT_RKT0_
                0x08001a0c       0x58 bn_audio_manager.o
                0x08001a0c                void _bn::assert::show_args<char [19], int>(char const*, char const*, char const*, int, char const (&) [19], int const&)
 .text._ZN3_bn6assert9show_argsIA26_ciEEvPKcS4_S4_iRKT_RKT0_
                0x08001a64       0x58 bn_audio_manager.o
                0x08001a64                void _bn::assert::show_args<char [26], int>(char const*, char const*, char const*, int, char const (&) [26], int const&)
 .text._ZN3_bn6assert9show_argsIA33_cEEvPKcS4_S4_iRKT_
                0x08001abc       0x50 bn_audio_manager.o
                0x08001abc                void _bn::assert::show_args<char [33]>(char const*, char const*, char const*, int, char const (&) [33])
 .text._ZNK2bn10music_item4playEv
                0x08001b0c       0x78 bn_audio_manager.o
                0x08001b0c                bn::music_item::play() const
 .text._ZN3_bn6assert9show_argsIA25_cEEvPKcS4_S4_iRKT_
                0x08001b84       0x50 bn_audio_manager.o
                0x08001b84                void _bn::assert::show_args<char [25]>(char const*, char const*, char const*, int, char const (&) [25])
 .text._ZN2bn13audio_manager10stop_musicEv
                0x08001bd4       0x70 bn_audio_manager.o
                0x08001bd4                bn::audio_manager::stop_music()
 .text._ZN2bn13audio_manager4stopEv
                0x08001c44       0x60 bn_audio_manager.o
                0x08001c44                bn::audio_manager::stop()
 .text._ZN2bn5music5tempoEv
                0x08001ca4       0x3c bn_audio_manager.o
                0x08001ca4                bn::music::tempo()
 .text._ZN3_bn6assert9show_argsIA24_cEEvPKcS4_S4_iRKT_
                0x08001ce0       0x50 bn_audio_manager.o
                0x08001ce0                void _bn::assert::show_args<char [24]>(char const*, char const*, char const*, int, char const (&) [24])
 .text._ZN3_bn6assert9show_argsIA26_cN2bn7fixed_tILi12EEEEEvPKcS7_S7_iRKT_RKT0_
                0x08001d30       0x58 bn_audio_manager.o
                0x08001d30                void _bn::assert::show_args<char [26], bn::fixed_t<12> >(char const*, char const*, char const*, int, char const (&) [26], bn::fixed_t<12> const&)
 .text._ZN2bn5music9set_tempoENS_7fixed_tILi12EEE
                0x08001d88       0xac bn_audio_manager.o
                0x08001d88                bn::music::set_tempo(bn::fixed_t<12>)
 .text.startup._GLOBAL__sub_I__ZN2bn5audio16update_on_vblankEv
                0x08001e34       0x38 bn_audio_manager.o
 .text._ZN3_bn6assert9show_argsIA23_cEEvPKcS4_S4_iRKT_
                0x08001e6c       0x50 bn_best_fit_allocator.o
                0x08001e6c                void _bn::assert::show_args<char [23]>(char const*, char const*, char const*, int, char const (&) [23])
 .text._ZN2bn18best_fit_allocatorD2Ev
                0x08001ebc       0x34 bn_best_fit_allocator.o
                0x08001ebc                bn::best_fit_allocator::~best_fit_allocator()
                0x08001ebc                bn::best_fit_allocator::~best_fit_allocator()
 .text._ZN3_bn6assert9show_argsIA20_ciEEvPKcS4_S4_iRKT_RKT0_
                0x08001ef0       0x58 bn_best_fit_allocator.o
                0x08001ef0                void _bn::assert::show_args<char [20], int>(char const*, char const*, char const*, int, char const (&) [20], int const&)
 .text._ZN3_bn6assert9show_argsIA14_cEEvPKcS4_S4_iRKT_
                0x08001f48       0x50 bn_best_fit_allocator.o
                0x08001f48                void _bn::assert::show_args<char [14]>(char const*, char const*, char const*, int, char const (&) [14])
 .text._ZN3_bn6assert9show_argsIA21_cEEvPKcS4_S4_iRKT_
                0x08001f98       0x50 bn_best_fit_allocator.o
                0x08001f98                void _bn::assert::show_args<char [21]>(char const*, char const*, char const*, int, char const (&) [21])
 .text._ZN2bn18best_fit_allocator5resetEPvi
                0x08001fe8       0xc4 bn_best_fit_allocator.o
                0x08001fe8                bn::best_fit_allocator::reset(void*, int)
 .text._ZN2bn17bg_blocks_manager12_GLOBAL__N_125_regular_map_blocks_countEii
                0x080020ac       0x38 bn_bg_blocks_manager.o
 .text._ZN2bn13ostringstream11append_argsIiJA4_ctEEEvRKT_DpRKT0_.isra.0
                0x080020e4       0x24 bn_bg_blocks_manager.o
 .text._ZN2bn13ostringstream11append_argsIiJA4_ciEEEvRKT_DpRKT0_.isra.0
                0x08002108       0x24 bn_bg_blocks_manager.o
 .text._ZNK2bn18regular_bg_map_ptr2idEv
                0x0800212c       0x18 bn_bg_blocks_manager.o
                0x0800212c                bn::regular_bg_map_ptr::id() const
 .text._ZNK2bn18regular_bg_map_ptr10dimensionsEv
                0x08002144       0x20 bn_bg_blocks_manager.o
                0x08002144                bn::regular_bg_map_ptr::dimensions() const
 .text._ZNK2bn20regular_bg_tiles_ptr3cbbEv
                0x08002164       0x18 bn_bg_blocks_manager.o
                0x08002164                bn::regular_bg_tiles_ptr::cbb() const
 .text._ZNK2bn17affine_bg_map_ptr2idEv
                0x0800217c       0x18 bn_bg_blocks_manager.o
                0x0800217c                bn::affine_bg_map_ptr::id() const
 .text._ZNK2bn17affine_bg_map_ptr10dimensionsEv
                0x08002194       0x20 bn_bg_blocks_manager.o
                0x08002194                bn::affine_bg_map_ptr::dimensions() const
 .text._ZNK2bn19affine_bg_tiles_ptr3cbbEv
                0x080021b4       0x18 bn_bg_blocks_manager.o
                0x080021b4                bn::affine_bg_tiles_ptr::cbb() const
 .text._ZN2bn17bg_blocks_manager10log_statusEv
                0x080021cc      0x3f8 bn_bg_blocks_manager.o
                0x080021cc                bn::bg_blocks_manager::log_status()
 .text._ZN2bn17bg_blocks_manager15decrease_usagesEi
                0x080025c4       0x98 bn_bg_blocks_manager.o
                0x080025c4                bn::bg_blocks_manager::decrease_usages(int)
 .text._ZN2bn18regular_bg_map_ptrD2Ev
                0x0800265c       0x18 bn_bg_blocks_manager.o
                0x0800265c                bn::regular_bg_map_ptr::~regular_bg_map_ptr()
                0x0800265c                bn::regular_bg_map_ptr::~regular_bg_map_ptr()
 .text._ZN2bn17bg_blocks_manager12_GLOBAL__N_110items_list12insert_afterEiRKNS1_9item_typeE.constprop.0
                0x08002674      0x240 bn_bg_blocks_manager.o
 .text._ZN2bn17bg_blocks_manager4initEv
                0x080028b4       0x7c bn_bg_blocks_manager.o
                0x080028b4                bn::bg_blocks_manager::init()
 .text._ZN2bn17bg_blocks_manager11must_commitEi
                0x08002930       0x18 bn_bg_blocks_manager.o
                0x08002930                bn::bg_blocks_manager::must_commit(int)
 .text._ZN3_bn6assert9show_argsIA27_ciEEvPKcS4_S4_iRKT_RKT0_
                0x08002948       0x58 bn_bg_blocks_manager.o
                0x08002948                void _bn::assert::show_args<char [27], int>(char const*, char const*, char const*, int, char const (&) [27], int const&)
 .text._ZN3_bn6assert9show_argsIJA22_ciA4_ciEEEvPKcS5_S5_iDpRKT_
                0x080029a0       0x5c bn_bg_blocks_manager.o
                0x080029a0                void _bn::assert::show_args<char [22], int, char [4], int>(char const*, char const*, char const*, int, char const (&) [22], int const&, char const (&) [4], int const&)
 .text._ZN3_bn6assert9show_argsIJA58_ciA4_ciEEEvPKcS5_S5_iDpRKT_
                0x080029fc       0x5c bn_bg_blocks_manager.o
                0x080029fc                void _bn::assert::show_args<char [58], int, char [4], int>(char const*, char const*, char const*, int, char const (&) [58], int const&, char const (&) [4], int const&)
 .text._ZN3_bn6assert9show_argsIA22_ciEEvPKcS4_S4_iRKT_RKT0_
                0x08002a58       0x58 bn_bg_blocks_manager.o
                0x08002a58                void _bn::assert::show_args<char [22], int>(char const*, char const*, char const*, int, char const (&) [22], int const&)
 .text._ZN3_bn6assert9show_argsIJA44_cPKtA4_cS4_EEEvPKcS7_S7_iDpRKT_
                0x08002ab0       0x6c bn_bg_blocks_manager.o
                0x08002ab0                void _bn::assert::show_args<char [44], unsigned short const*, char [4], unsigned short const*>(char const*, char const*, char const*, int, char const (&) [44], unsigned short const* const&, char const (&) [4], unsigned short const* const&)
 .text._ZN3_bn6assert9show_argsIJA46_ciA4_ciEEEvPKcS5_S5_iDpRKT_
                0x08002b1c       0x5c bn_bg_blocks_manager.o
                0x08002b1c                void _bn::assert::show_args<char [46], int, char [4], int>(char const*, char const*, char const*, int, char const (&) [46], int const&, char const (&) [4], int const&)
 .text._ZN3_bn6assert9show_argsIJA37_cbA4_cbEEEvPKcS5_S5_iDpRKT_
                0x08002b78       0x84 bn_bg_blocks_manager.o
                0x08002b78                void _bn::assert::show_args<char [37], bool, char [4], bool>(char const*, char const*, char const*, int, char const (&) [37], bool const&, char const (&) [4], bool const&)
 .text._ZN3_bn6assert9show_argsIA19_cEEvPKcS4_S4_iRKT_
                0x08002bfc       0x50 bn_bg_blocks_manager.o
                0x08002bfc                void _bn::assert::show_args<char [19]>(char const*, char const*, char const*, int, char const (&) [19])
 .text._ZN2bn17bg_blocks_manager12_GLOBAL__N_116_find_tiles_implEPKtNS_16compression_typeEib
                0x08002c4c      0x1d8 bn_bg_blocks_manager.o
 .text._ZN3_bn6assert9show_argsIJA34_ciA4_ctEEEvPKcS5_S5_iDpRKT_
                0x08002e24       0x5c bn_bg_blocks_manager.o
                0x08002e24                void _bn::assert::show_args<char [34], int, char [4], unsigned short>(char const*, char const*, char const*, int, char const (&) [34], int const&, char const (&) [4], unsigned short const&)
 .text._ZN3_bn6assert9show_argsIJA36_ciA4_ctEEEvPKcS5_S5_iDpRKT_
                0x08002e80       0x5c bn_bg_blocks_manager.o
                0x08002e80                void _bn::assert::show_args<char [36], int, char [4], unsigned short>(char const*, char const*, char const*, int, char const (&) [36], int const&, char const (&) [4], unsigned short const&)
 .text._ZN3_bn6assert9show_argsIJA54_ciA4_ciEEEvPKcS5_S5_iDpRKT_
                0x08002edc       0x5c bn_bg_blocks_manager.o
                0x08002edc                void _bn::assert::show_args<char [54], int, char [4], int>(char const*, char const*, char const*, int, char const (&) [54], int const&, char const (&) [4], int const&)
 .text._ZN3_bn6assert9show_argsIA22_cEEvPKcS4_S4_iRKT_
                0x08002f38       0x50 bn_bg_blocks_manager.o
                0x08002f38                void _bn::assert::show_args<char [22]>(char const*, char const*, char const*, int, char const (&) [22])
 .text._ZNK2bn17affine_bg_map_ptr5tilesEv
                0x08002f88       0x48 bn_bg_blocks_manager.o
                0x08002f88                bn::affine_bg_map_ptr::tiles() const
 .text._ZNK2bn18regular_bg_map_ptr5tilesEv
                0x08002fd0       0x48 bn_bg_blocks_manager.o
                0x08002fd0                bn::regular_bg_map_ptr::tiles() const
 .text._ZNK2bn18regular_bg_map_ptr3bppEv
                0x08003018       0x4c bn_bg_blocks_manager.o
                0x08003018                bn::regular_bg_map_ptr::bpp() const
 .text._ZN2bn17bg_blocks_manager21update_affine_map_rowEiii
                0x08003064      0x104 bn_bg_blocks_manager.o
                0x08003064                bn::bg_blocks_manager::update_affine_map_row(int, int, int)
 .text._ZN2bn17bg_blocks_manager23set_affine_map_positionEiii
                0x08003168      0x1b0 bn_bg_blocks_manager.o
                0x08003168                bn::bg_blocks_manager::set_affine_map_position(int, int, int)
 .text._ZN2bn17bg_blocks_manager21update_affine_map_colEiii
                0x08003318      0x224 bn_bg_blocks_manager.o
                0x08003318                bn::bg_blocks_manager::update_affine_map_col(int, int, int)
 .text._ZN2bn17bg_blocks_manager22update_regular_map_colEiii
                0x0800353c      0x174 bn_bg_blocks_manager.o
                0x0800353c                bn::bg_blocks_manager::update_regular_map_col(int, int, int)
 .text._ZN2bn17bg_blocks_manager22update_regular_map_rowEiii
                0x080036b0      0x14c bn_bg_blocks_manager.o
                0x080036b0                bn::bg_blocks_manager::update_regular_map_row(int, int, int)
 .text._ZN2bn17bg_blocks_manager24set_regular_map_positionEiii
                0x080037fc      0x1d8 bn_bg_blocks_manager.o
                0x080037fc                bn::bg_blocks_manager::set_regular_map_position(int, int, int)
 .text._ZN2bn17bg_blocks_manager12_GLOBAL__N_112_commit_itemERKNS1_9item_typeE
                0x080039d4      0x2bc bn_bg_blocks_manager.o
 .text._ZN2bn17bg_blocks_manager6commitEv
                0x08003c90       0x40 bn_bg_blocks_manager.o
                0x08003c90                bn::bg_blocks_manager::commit()
 .text._ZN2bn17bg_blocks_manager21set_regular_map_tilesEiONS_20regular_bg_tiles_ptrE
                0x08003cd0      0x25c bn_bg_blocks_manager.o
                0x08003cd0                bn::bg_blocks_manager::set_regular_map_tiles(int, bn::regular_bg_tiles_ptr&&)
 .text._ZN2bn17bg_blocks_manager23set_regular_map_paletteEiONS_14bg_palette_ptrE
                0x08003f2c      0x224 bn_bg_blocks_manager.o
                0x08003f2c                bn::bg_blocks_manager::set_regular_map_palette(int, bn::bg_palette_ptr&&)
 .text._ZN3_bn6assert9show_argsIJA34_ciA4_ciEEEvPKcS5_S5_iDpRKT_
                0x08004150       0x5c bn_bg_blocks_manager.o
                0x08004150                void _bn::assert::show_args<char [34], int, char [4], int>(char const*, char const*, char const*, int, char const (&) [34], int const&, char const (&) [4], int const&)
 .text._ZN3_bn6assert9show_argsIJA38_ciA4_ciEEEvPKcS5_S5_iDpRKT_
                0x080041ac       0x5c bn_bg_blocks_manager.o
                0x080041ac                void _bn::assert::show_args<char [38], int, char [4], int>(char const*, char const*, char const*, int, char const (&) [38], int const&, char const (&) [4], int const&)
 .text._ZN3_bn6assert9show_argsIJA32_cA15_cPKtA16_ciA17_ciA34_cN2bn11string_viewEEEEvPKcSC_SC_iDpRKT_
                0x08004208       0x94 bn_bg_blocks_manager.o
                0x08004208                void _bn::assert::show_args<char [32], char [15], unsigned short const*, char [16], int, char [17], int, char [34], bn::string_view>(char const*, char const*, char const*, int, char const (&) [32], char const (&) [15], unsigned short const* const&, char const (&) [16], int const&, char const (&) [17], int const&, char const (&) [34], bn::string_view const&)
 .text._ZN3_bn6assert9show_argsIA26_cEEvPKcS4_S4_iRKT_
                0x0800429c       0x50 bn_bg_blocks_manager.o
                0x0800429c                void _bn::assert::show_args<char [26]>(char const*, char const*, char const*, int, char const (&) [26])
 .text._ZN3_bn6assert9show_argsIA46_cEEvPKcS4_S4_iRKT_
                0x080042ec       0x50 bn_bg_blocks_manager.o
                0x080042ec                void _bn::assert::show_args<char [46]>(char const*, char const*, char const*, int, char const (&) [46])
 .text._ZN3_bn6assert9show_argsIJA30_cA13_cPKtA14_ciA15_ciA17_ciA34_cN2bn11string_viewEEEEvPKcSD_SD_iDpRKT_
                0x0800433c       0xa8 bn_bg_blocks_manager.o
                0x0800433c                void _bn::assert::show_args<char [30], char [13], unsigned short const*, char [14], int, char [15], int, char [17], int, char [34], bn::string_view>(char const*, char const*, char const*, int, char const (&) [30], char const (&) [13], unsigned short const* const&, char const (&) [14], int const&, char const (&) [15], int const&, char const (&) [17], int const&, char const (&) [34], bn::string_view const&)
 .text._ZN3_bn6assert9show_argsIA31_cEEvPKcS4_S4_iRKT_
                0x080043e4       0x50 bn_bg_blocks_manager.o
                0x080043e4                void _bn::assert::show_args<char [31]>(char const*, char const*, char const*, int, char const (&) [31])
 .text._ZN3_bn6assert9show_argsIJA37_ciA4_ciEEEvPKcS5_S5_iDpRKT_
                0x08004434       0x5c bn_bg_blocks_manager.o
                0x08004434                void _bn::assert::show_args<char [37], int, char [4], int>(char const*, char const*, char const*, int, char const (&) [37], int const&, char const (&) [4], int const&)
 .text._ZN2bn17bg_blocks_manager33set_regular_map_tiles_and_paletteEiONS_20regular_bg_tiles_ptrEONS_14bg_palette_ptrE
                0x08004490      0x2e8 bn_bg_blocks_manager.o
                0x08004490                bn::bg_blocks_manager::set_regular_map_tiles_and_palette(int, bn::regular_bg_tiles_ptr&&, bn::bg_palette_ptr&&)
 .text._ZN2bn17bg_blocks_manager12_GLOBAL__N_122_find_regular_map_implERKNS_19regular_bg_map_itemERKNS_20regular_bg_tiles_ptrERKNS_14bg_palette_ptrE
                0x08004778      0x37c bn_bg_blocks_manager.o
 .text._ZN3_bn6assert9show_argsIA39_ciEEvPKcS4_S4_iRKT_RKT0_
                0x08004af4       0x58 bn_bg_blocks_manager.o
                0x08004af4                void _bn::assert::show_args<char [39], int>(char const*, char const*, char const*, int, char const (&) [39], int const&)
 .text._ZN3_bn6assert9show_argsIA25_ciEEvPKcS4_S4_iRKT_RKT0_
                0x08004b4c       0x58 bn_bg_blocks_manager.o
                0x08004b4c                void _bn::assert::show_args<char [25], int>(char const*, char const*, char const*, int, char const (&) [25], int const&)
 .text._ZN2bn14iunordered_mapIPKviNS_17bg_blocks_manager12_GLOBAL__N_115identity_hasherENS_8equal_toIS2_EEE5eraseERKNS8_14const_iteratorE.constprop.0.isra.0
                0x08004ba4      0x1a4 bn_bg_blocks_manager.o
 .text._ZN2bn17bg_blocks_manager12_GLOBAL__N_121_remove_adjacent_itemEiRNS1_9item_typeE
                0x08004d48       0xcc bn_bg_blocks_manager.o
 .text._ZN2bn17bg_blocks_manager6updateEv
                0x08004e14      0x200 bn_bg_blocks_manager.o
                0x08004e14                bn::bg_blocks_manager::update()
 .text._ZN2bn17bg_blocks_manager12_GLOBAL__N_112_create_itemEiibONS1_11create_dataE
                0x08005014      0x52c bn_bg_blocks_manager.o
 .text._ZN2bn17bg_blocks_manager12_GLOBAL__N_112_create_implEONS1_11create_dataE
                0x08005540      0x1d0 bn_bg_blocks_manager.o
 .text._ZN2bn17bg_blocks_manager20create_regular_tilesERKNS_21regular_bg_tiles_itemEb
                0x08005710      0x148 bn_bg_blocks_manager.o
                0x08005710                bn::bg_blocks_manager::create_regular_tiles(bn::regular_bg_tiles_item const&, bool)
 .text._ZN2bn17bg_blocks_manager18create_regular_mapERKNS_19regular_bg_map_itemEONS_20regular_bg_tiles_ptrEONS_14bg_palette_ptrEb
                0x08005858      0x27c bn_bg_blocks_manager.o
                0x08005858                bn::bg_blocks_manager::create_regular_map(bn::regular_bg_map_item const&, bn::regular_bg_tiles_ptr&&, bn::bg_palette_ptr&&, bool)
 .text._ZN2bn18regular_bg_map_ptr6createERKNS_15regular_bg_itemE
                0x08005ad4       0x50 bn_bg_blocks_manager.o
                0x08005ad4                bn::regular_bg_map_ptr::create(bn::regular_bg_item const&)
 .text.startup._GLOBAL__sub_I__ZN2bn7bg_maps16used_cells_countEv
                0x08005b24       0x98 bn_bg_blocks_manager.o
 .text.exit._GLOBAL__sub_D__ZN2bn7bg_maps16used_cells_countEv
                0x08005bbc       0x50 bn_bg_blocks_manager.o
 .text._ZN2bn11bgs_manager12_GLOBAL__N_129_check_unique_regular_big_mapERNS1_9item_typeE
                0x08005c0c       0x68 bn_bgs_manager.o
 .text._ZN2bn11bgs_manager12_GLOBAL__N_133_update_item_hw_affine_attributesERKNS1_9item_typeE
                0x08005c74       0x48 bn_bgs_manager.o
 .text._ZN2bn13ostringstream11append_argsIiJA4_ciEEEvRKT_DpRKT0_.isra.0
                0x08005cbc       0x24 bn_bgs_manager.o
 .text._ZNK2bn14regular_bg_ptr1xEv
                0x08005ce0        0x8 bn_bgs_manager.o
                0x08005ce0                bn::regular_bg_ptr::x() const
 .text._ZN2bn11bgs_manager5hw_idEPv
                0x08005ce8        0x8 bn_bgs_manager.o
                0x08005ce8                bn::bgs_manager::hw_id(void*)
 .text._ZN2bn11bgs_manager11hw_positionEPv
                0x08005cf0        0x4 bn_bgs_manager.o
                0x08005cf0                bn::bgs_manager::hw_position(void*)
 .text._ZN2bn11bgs_manager14mat_attributesEPv
                0x08005cf4        0x4 bn_bgs_manager.o
                0x08005cf4                bn::bgs_manager::mat_attributes(void*)
 .text._ZN2bn11bgs_manager20update_windows_flagsEPj
                0x08005cf8       0x7c bn_bgs_manager.o
                0x08005cf8                bn::bgs_manager::update_windows_flags(unsigned int*)
 .text._ZN2bn11bgs_manager28update_regular_map_tiles_cbbEii
                0x08005d74       0xa8 bn_bgs_manager.o
                0x08005d74                bn::bgs_manager::update_regular_map_tiles_cbb(int, int)
 .text._ZN2bn11bgs_manager30update_regular_map_palette_bppEiNS_8bpp_modeE
                0x08005e1c       0xac bn_bgs_manager.o
                0x08005e1c                bn::bgs_manager::update_regular_map_palette_bpp(int, bn::bpp_mode)
 .text._ZN2bn11bgs_manager36fill_hblank_effect_regular_positionsEiPKNS_7fixed_tILi12EEEPt
                0x08005ec8       0x38 bn_bgs_manager.o
                0x08005ec8                bn::bgs_manager::fill_hblank_effect_regular_positions(int, bn::fixed_t<12> const*, unsigned short*)
 .text._ZN2bn11bgs_manager45fill_hblank_effect_pivot_horizontal_positionsEPvPKNS_7fixed_tILi12EEEPj
                0x08005f00       0x24 bn_bgs_manager.o
                0x08005f00                bn::bgs_manager::fill_hblank_effect_pivot_horizontal_positions(void*, bn::fixed_t<12> const*, unsigned int*)
 .text._ZN2bn11bgs_manager43fill_hblank_effect_pivot_vertical_positionsEPvPKNS_7fixed_tILi12EEEPj
                0x08005f24       0x24 bn_bgs_manager.o
                0x08005f24                bn::bgs_manager::fill_hblank_effect_pivot_vertical_positions(void*, bn::fixed_t<12> const*, unsigned int*)
 .text._ZN2bn11bgs_manager6commitEb
                0x08005f48       0x58 bn_bgs_manager.o
                0x08005f48                bn::bgs_manager::commit(bool)
 .text._ZN2bn11bgs_manager4stopEv
                0x08005fa0       0x28 bn_bgs_manager.o
                0x08005fa0                bn::bgs_manager::stop()
 .text._ZN3_bn6assert9show_argsIA17_ciEEvPKcS4_S4_iRKT_RKT0_
                0x08005fc8       0x58 bn_bgs_manager.o
                0x08005fc8                void _bn::assert::show_args<char [17], int>(char const*, char const*, char const*, int, char const (&) [17], int const&)
 .text._ZN3_bn6assert9show_argsIA30_cEEvPKcS4_S4_iRKT_
                0x08006020       0x50 bn_bgs_manager.o
                0x08006020                void _bn::assert::show_args<char [30]>(char const*, char const*, char const*, int, char const (&) [30])
 .text._ZN3_bn6assert9show_argsIJA60_ciA4_ciEEEvPKcS5_S5_iDpRKT_
                0x08006070       0x5c bn_bgs_manager.o
                0x08006070                void _bn::assert::show_args<char [60], int, char [4], int>(char const*, char const*, char const*, int, char const (&) [60], int const&, char const (&) [4], int const&)
 .text._ZN2bn14regular_bg_ptr5set_xENS_7fixed_tILi12EEE
                0x080060cc       0xa8 bn_bgs_manager.o
                0x080060cc                bn::regular_bg_ptr::set_x(bn::fixed_t<12>)
 .text._ZN3_bn6assert9show_argsIJA59_ciA4_ciEEEvPKcS5_S5_iDpRKT_
                0x08006174       0x5c bn_bgs_manager.o
                0x08006174                void _bn::assert::show_args<char [59], int, char [4], int>(char const*, char const*, char const*, int, char const (&) [59], int const&, char const (&) [4], int const&)
 .text._ZN3_bn6assert9show_argsIJA57_ciA4_ciEEEvPKcS5_S5_iDpRKT_
                0x080061d0       0x5c bn_bgs_manager.o
                0x080061d0                void _bn::assert::show_args<char [57], int, char [4], int>(char const*, char const*, char const*, int, char const (&) [57], int const&, char const (&) [4], int const&)
 .text._ZN2bn11bgs_manager14update_camerasEv
                0x0800622c      0x2b4 bn_bgs_manager.o
                0x0800622c                bn::bgs_manager::update_cameras()
 .text._ZN3_bn6assert9show_argsIA27_cEEvPKcS4_S4_iRKT_
                0x080064e0       0x50 bn_bgs_manager.o
                0x080064e0                void _bn::assert::show_args<char [27]>(char const*, char const*, char const*, int, char const (&) [27])
 .text._ZN2bn11bgs_manager15rebuild_handlesEv.part.0
                0x08006530      0x198 bn_bgs_manager.o
 .text._ZN3_bn6assert9show_argsIA38_cN2bn7fixed_tILi12EEEEEvPKcS7_S7_iRKT_RKT0_
                0x080066c8       0x58 bn_bgs_manager.o
                0x080066c8                void _bn::assert::show_args<char [38], bn::fixed_t<12> >(char const*, char const*, char const*, int, char const (&) [38], bn::fixed_t<12> const&)
 .text._ZN2bn11bgs_manager37fill_hblank_effect_regular_attributesEPvPKNS_21regular_bg_attributesEPt
                0x08006720      0x100 bn_bgs_manager.o
                0x08006720                bn::bgs_manager::fill_hblank_effect_regular_attributes(void*, bn::regular_bg_attributes const*, unsigned short*)
 .text._ZN2bn11bgs_manager6updateEv
                0x08006820      0x1d0 bn_bgs_manager.o
                0x08006820                bn::bgs_manager::update()
 .text._ZN2bn11bgs_manager15commit_big_mapsEv
                0x080069f0      0x1d4 bn_bgs_manager.o
                0x080069f0                bn::bgs_manager::commit_big_maps()
 .text._ZN2bn11bgs_manager36fill_hblank_effect_affine_attributesEPvPKNS_20affine_bg_attributesEPt
                0x08006bc4      0x104 bn_bgs_manager.o
                0x08006bc4                bn::bgs_manager::fill_hblank_effect_affine_attributes(void*, bn::affine_bg_attributes const*, unsigned short*)
 .text._ZN2bn11bgs_manager12_GLOBAL__N_19item_type18update_regular_mapEv
                0x08006cc8      0x238 bn_bgs_manager.o
 .text._ZN2bn18regular_bg_builder11release_mapEv
                0x08006f00       0x78 bn_bgs_manager.o
                0x08006f00                bn::regular_bg_builder::release_map()
 .text._ZN2bn11bgs_manager11regular_mapEPv
                0x08006f78       0x34 bn_bgs_manager.o
                0x08006f78                bn::bgs_manager::regular_map(void*)
 .text._ZN2bn11bgs_manager10affine_mapEPv
                0x08006fac       0x34 bn_bgs_manager.o
                0x08006fac                bn::bgs_manager::affine_map(void*)
 .text._ZN2bn11bgs_manager12_GLOBAL__N_112_insert_itemERNS1_9item_typeE
                0x08006fe0      0x100 bn_bgs_manager.o
 .text._ZN3_bn6assert9show_argsIA13_cEEvPKcS4_S4_iRKT_
                0x080070e0       0x50 bn_bgs_manager.o
                0x080070e0                void _bn::assert::show_args<char [13]>(char const*, char const*, char const*, int, char const (&) [13])
 .text._ZN2bn11bgs_manager6createEONS_18regular_bg_builderE
                0x08007130      0x1ec bn_bgs_manager.o
                0x08007130                bn::bgs_manager::create(bn::regular_bg_builder&&)
 .text._ZNK2bn15regular_bg_item9create_bgENS_7fixed_tILi12EEES2_
                0x0800731c       0x74 bn_bgs_manager.o
                0x0800731c                bn::regular_bg_item::create_bg(bn::fixed_t<12>, bn::fixed_t<12>) const
 .text._ZN3_bn6assert9show_argsIJA23_ciA4_ciEEEvPKcS5_S5_iDpRKT_
                0x08007390       0x5c bn_bgs_manager.o
                0x08007390                void _bn::assert::show_args<char [23], int, char [4], int>(char const*, char const*, char const*, int, char const (&) [23], int const&, char const (&) [4], int const&)
 .text._ZN2bn5eraseIPNS_11bgs_manager12_GLOBAL__N_19item_typeEEENS_7ivectorIT_E9size_typeERS7_RKS6_.constprop.0.isra.0
                0x080073ec      0x150 bn_bgs_manager.o
 .text._ZN2bn14regular_bg_ptr12set_priorityEi
                0x0800753c       0x68 bn_bgs_manager.o
                0x0800753c                bn::regular_bg_ptr::set_priority(int)
 .text.startup._GLOBAL__sub_I__ZN2bn3bgs16used_items_countEv
                0x080075a4       0x80 bn_bgs_manager.o
 .text.exit._GLOBAL__sub_D__ZN2bn3bgs16used_items_countEv
                0x08007624       0x14 bn_bgs_manager.o
 .text._ZN2bn10camera_ptrD2Ev
                0x08007638       0x38 bn_cameras_manager.o
                0x08007638                bn::camera_ptr::~camera_ptr()
                0x08007638                bn::camera_ptr::~camera_ptr()
 .text._ZNK2bn10camera_ptr8positionEv
                0x08007670       0x14 bn_cameras_manager.o
                0x08007670                bn::camera_ptr::position() const
 .text._ZN2bn15cameras_manager4initEv
                0x08007684       0x10 bn_cameras_manager.o
                0x08007684                bn::cameras_manager::init()
 .text._ZN2bn15cameras_manager6updateEv
                0x08007694       0x28 bn_cameras_manager.o
                0x08007694                bn::cameras_manager::update()
 .text._ZN3_bn6assert9show_argsIA23_ciEEvPKcS4_S4_iRKT_RKT0_
                0x080076bc       0x58 bn_color_effect.o
                0x080076bc                void _bn::assert::show_args<char [23], int>(char const*, char const*, char const*, int, char const (&) [23], int const&)
 .text._ZN2bn4core12_GLOBAL__N_14stopEb.constprop.0
                0x08007714       0x54 bn_core.o
 .text._ZN2bn4core12_GLOBAL__N_111update_implEv
                0x08007768       0xd8 bn_core.o
 .text._ZN2bn11string_viewC2EPKc
                0x08007840       0x1c bn_core.o
                0x08007840                bn::string_view::string_view(char const*)
                0x08007840                bn::string_view::string_view(char const*)
 .text._ZN2bn4core6updateEv
                0x0800785c       0x68 bn_core.o
                0x0800785c                bn::core::update()
 .text._ZN2bn4core4initERKNS_11string_viewE
                0x080078c4       0x94 bn_core.o
                0x080078c4                bn::core::init(bn::string_view const&)
 .text._ZN2bn4core4initEv
                0x08007958       0x18 bn_core.o
                0x08007958                bn::core::init()
 .text._ZN2bn4core9on_vblankEv
                0x08007970       0x2c bn_core.o
                0x08007970                bn::core::on_vblank()
 .text._ZN3_bn6assert4showEPKcS2_S2_iRKN2bn12istring_baseE
                0x0800799c       0x80 bn_core.o
                0x0800799c                _bn::assert::show(char const*, char const*, char const*, int, bn::istring_base const&)
 .text.startup._GLOBAL__sub_I__ZN2bn4core4initEv
                0x08007a1c       0x44 bn_core.o
 .text._ZN2bn15display_manager12_GLOBAL__N_134_update_rect_windows_hw_boundariesEi
                0x08007a60       0x8c bn_display_manager.o
 .text._ZN2bn15display_manager4initEv
                0x08007aec       0x40 bn_display_manager.o
                0x08007aec                bn::display_manager::init()
 .text._ZN2bn15display_manager8set_modeEi
                0x08007b2c       0x1c bn_display_manager.o
                0x08007b2c                bn::display_manager::set_mode(int)
 .text._ZN2bn15display_manager14set_bg_enabledEib
                0x08007b48       0x1c bn_display_manager.o
                0x08007b48                bn::display_manager::set_bg_enabled(int, bool)
 .text._ZN2bn15display_manager15disable_all_bgsEv
                0x08007b64       0x18 bn_display_manager.o
                0x08007b64                bn::display_manager::disable_all_bgs()
 .text._ZN2bn15display_manager36fill_mosaic_hblank_effect_attributesEPKNS_17mosaic_attributesEPt
                0x08007b7c       0xb4 bn_display_manager.o
                0x08007b7c                bn::display_manager::fill_mosaic_hblank_effect_attributes(bn::mosaic_attributes const*, unsigned short*)
 .text._ZN2bn15display_manager23set_blending_bg_enabledEib
                0x08007c30       0x14 bn_display_manager.o
                0x08007c30                bn::display_manager::set_blending_bg_enabled(int, bool)
 .text._ZN2bn15display_manager32blending_transparency_top_weightEv
                0x08007c44       0x18 bn_display_manager.o
                0x08007c44                bn::display_manager::blending_transparency_top_weight()
 .text._ZN2bn15display_manager35blending_transparency_bottom_weightEv
                0x08007c5c       0x28 bn_display_manager.o
                0x08007c5c                bn::display_manager::blending_transparency_bottom_weight()
 .text._ZN2bn15display_manager51fill_blending_transparency_hblank_effect_attributesEPKNS_32blending_transparency_attributesEPt
                0x08007c84       0x30 bn_display_manager.o
                0x08007c84                bn::display_manager::fill_blending_transparency_hblank_effect_attributes(bn::blending_transparency_attributes const*, unsigned short*)
 .text._ZN2bn15display_manager21blending_fade_enabledEv
                0x08007cb4       0x10 bn_display_manager.o
                0x08007cb4                bn::display_manager::blending_fade_enabled()
 .text._ZN2bn15display_manager39fill_blending_fade_hblank_effect_alphasEPKNS_19blending_fade_alphaEPt
                0x08007cc4       0x24 bn_display_manager.o
                0x08007cc4                bn::display_manager::fill_blending_fade_hblank_effect_alphas(bn::blending_fade_alpha const*, unsigned short*)
 .text._ZN2bn15display_manager26update_windows_visible_bgsEv
                0x08007ce8       0x10 bn_display_manager.o
                0x08007ce8                bn::display_manager::update_windows_visible_bgs()
 .text._ZN2bn15display_manager36rect_window_hw_horizontal_boundariesEi
                0x08007cf8       0x14 bn_display_manager.o
                0x08007cf8                bn::display_manager::rect_window_hw_horizontal_boundaries(int)
 .text._ZN2bn15display_manager34rect_window_hw_vertical_boundariesEi
                0x08007d0c       0x14 bn_display_manager.o
                0x08007d0c                bn::display_manager::rect_window_hw_vertical_boundaries(int)
 .text._ZN2bn15display_manager52fill_rect_window_hblank_effect_horizontal_boundariesERKNS_4pairIiiEEPKNS1_INS_7fixed_tILi12EEES6_EEPt
                0x08007d20      0x13c bn_display_manager.o
                0x08007d20                bn::display_manager::fill_rect_window_hblank_effect_horizontal_boundaries(bn::pair<int, int> const&, bn::pair<bn::fixed_t<12>, bn::fixed_t<12> > const*, unsigned short*)
 .text._ZN2bn15display_manager50fill_rect_window_hblank_effect_vertical_boundariesERKNS_4pairIiiEEPKNS1_INS_7fixed_tILi12EEES6_EEPt
                0x08007e5c      0x13c bn_display_manager.o
                0x08007e5c                bn::display_manager::fill_rect_window_hblank_effect_vertical_boundaries(bn::pair<int, int> const&, bn::pair<bn::fixed_t<12>, bn::fixed_t<12> > const*, unsigned short*)
 .text._ZN2bn15display_manager36fill_green_swap_hblank_effect_statesEPKbPt
                0x08007f98       0x38 bn_display_manager.o
                0x08007f98                bn::display_manager::fill_green_swap_hblank_effect_states(bool const*, unsigned short*)
 .text._ZN2bn15display_manager14update_camerasEv
                0x08007fd0       0x40 bn_display_manager.o
                0x08007fd0                bn::display_manager::update_cameras()
 .text._ZN2bn15display_manager6updateEv
                0x08008010      0x218 bn_display_manager.o
                0x08008010                bn::display_manager::update()
 .text._ZN2bn15display_manager6commitEv
                0x08008228      0x164 bn_display_manager.o
                0x08008228                bn::display_manager::commit()
 .text._ZN2bn15display_manager4stopEv
                0x0800838c       0x28 bn_display_manager.o
                0x0800838c                bn::display_manager::stop()
 .text._ZN3_bn6assert9show_argsIA66_cEEvPKcS4_S4_iRKT_
                0x080083b4       0x50 bn_display_manager.o
                0x080083b4                void _bn::assert::show_args<char [66]>(char const*, char const*, char const*, int, char const (&) [66])
 .text.startup._GLOBAL__sub_I__ZNK2bn6window7show_bgERKNS_14regular_bg_ptrE
                0x08008404       0x7c bn_display_manager.o
 .text.exit._GLOBAL__sub_D__ZNK2bn6window7show_bgERKNS_14regular_bg_ptrE
                0x08008480       0x38 bn_display_manager.o
 .text._ZN2bn18igeneric_pool_baseC2EPci
                0x080084b8       0x10 bn_generic_pool.o
                0x080084b8                bn::igeneric_pool_base::igeneric_pool_base(char*, int)
                0x080084b8                bn::igeneric_pool_base::igeneric_pool_base(char*, int)
 .text._ZN2bn18igeneric_pool_base5_freeEPc
                0x080084c8       0x10 bn_generic_pool.o
                0x080084c8                bn::igeneric_pool_base::_free(char*)
 .text._ZN3_bn6assert9show_argsIA18_cEEvPKcS4_S4_iRKT_
                0x080084d8       0x50 bn_generic_pool.o
                0x080084d8                void _bn::assert::show_args<char [18]>(char const*, char const*, char const*, int, char const (&) [18])
 .text._ZN2bn18igeneric_pool_baseD2Ev
                0x08008528       0x30 bn_generic_pool.o
                0x08008528                bn::igeneric_pool_base::~igeneric_pool_base()
                0x08008528                bn::igeneric_pool_base::~igeneric_pool_base()
 .text._ZN2bn18igeneric_pool_base9_allocateEv
                0x08008558       0x48 bn_generic_pool.o
                0x08008558                bn::igeneric_pool_base::_allocate()
 .text._ZN2bn12gpio_manager6commitEv
                0x080085a0       0x48 bn_gpio_manager.o
                0x080085a0                bn::gpio_manager::commit()
 .text._ZN2bn12gpio_manager4stopEv
                0x080085e8       0x3c bn_gpio_manager.o
                0x080085e8                bn::gpio_manager::stop()
 .text._ZN2bn22hblank_effects_manager12_GLOBAL__N_19item_type18_output_values_ptrEv
                0x08008624       0x40 bn_hblank_effects_manager.o
 .text._ZN2bn22hblank_effects_manager7disableEv
                0x08008664       0x24 bn_hblank_effects_manager.o
                0x08008664                bn::hblank_effects_manager::disable()
 .text._ZN2bn22hblank_effects_manager6commitEv
                0x08008688       0x74 bn_hblank_effects_manager.o
                0x08008688                bn::hblank_effects_manager::commit()
 .text._ZN2bn22hblank_effects_manager12_GLOBAL__N_110_is_uint32ENS0_12handler_typeE
                0x080086fc       0x64 bn_hblank_effects_manager.o
 .text._ZN2bn22hblank_effects_manager12_GLOBAL__N_19item_type12check_updateEv
                0x08008760     0x16a0 bn_hblank_effects_manager.o
 .text._ZN2bn22hblank_effects_manager6updateEv
                0x08009e00      0x1ec bn_hblank_effects_manager.o
                0x08009e00                bn::hblank_effects_manager::update()
 .text._ZN2bn22hblank_effects_manager4initEv
                0x08009fec       0xd4 bn_hblank_effects_manager.o
                0x08009fec                bn::hblank_effects_manager::init()
 .text.startup._GLOBAL__sub_I__ZN2bn4hbes10used_countEv
                0x0800a0c0       0xe8 bn_hblank_effects_manager.o
 .text._ZN2bn12hdma_manager7disableEv
                0x0800a1a8       0x30 bn_hdma_manager.o
                0x0800a1a8                bn::hdma_manager::disable()
 .text._ZN2bn12hdma_manager10force_stopEv
                0x0800a1d8       0x3c bn_hdma_manager.o
                0x0800a1d8                bn::hdma_manager::force_stop()
 .text._ZN2bn12hdma_manager6updateEv
                0x0800a214       0x6c bn_hdma_manager.o
                0x0800a214                bn::hdma_manager::update()
 .text._ZN2bn12hdma_manager6commitEb
                0x0800a280      0x118 bn_hdma_manager.o
                0x0800a280                bn::hdma_manager::commit(bool)
 .text.startup._GLOBAL__sub_I__ZN2bn4hdma7runningEv
                0x0800a398       0x34 bn_hdma_manager.o
 .text._ZN2bn6keypad6a_heldEv
                0x0800a3cc       0x10 bn_keypad_manager.o
                0x0800a3cc                bn::keypad::a_held()
 .text._ZN2bn14keypad_manager4stopEv
                0x0800a3dc        0x4 bn_keypad_manager.o
                0x0800a3dc                bn::keypad_manager::stop()
 .text._ZN2bn14keypad_manager6updateEv
                0x0800a3e0       0xa8 bn_keypad_manager.o
                0x0800a3e0                bn::keypad_manager::update()
 .text._ZN3_bn6assert9show_argsIA24_ciEEvPKcS4_S4_iRKT_RKT0_
                0x0800a488       0x58 bn_keypad_manager.o
                0x0800a488                void _bn::assert::show_args<char [24], int>(char const*, char const*, char const*, int, char const (&) [24], int const&)
 .text._ZN2bn14keypad_manager4initERKNS_11string_viewE
                0x0800a4e0       0x58 bn_keypad_manager.o
                0x0800a4e0                bn::keypad_manager::init(bn::string_view const&)
 .text._ZN2bn12link_manager4initEv
                0x0800a538        0xc bn_link_manager.o
                0x0800a538                bn::link_manager::init()
 .text._ZN2bn12link_manager6activeEv
                0x0800a544        0xc bn_link_manager.o
                0x0800a544                bn::link_manager::active()
 .text._ZN2bn12link_manager7disableEv
                0x0800a550       0x18 bn_link_manager.o
                0x0800a550                bn::link_manager::disable()
 .text._ZN3_bn6assert9show_argsIA28_ciEEvPKcS4_S4_iRKT_RKT0_
                0x0800a568       0x58 bn_link_manager.o
                0x0800a568                void _bn::assert::show_args<char [28], int>(char const*, char const*, char const*, int, char const (&) [28], int const&)
 .text._ZN2bn3logERKNS_12istring_baseE
                0x0800a5c0        0xc bn_log.o
                0x0800a5c0                bn::log(bn::istring_base const&)
 .text._ZN2bn14memory_manager4initEv
                0x0800a5cc       0x20 bn_memory_manager.o
                0x0800a5cc                bn::memory_manager::init()
 .text.exit._GLOBAL__sub_D__Znwj
                0x0800a5ec       0x14 bn_memory_manager.o
 .text._ZN2bn2hw8palettes9grayscaleEPKNS_5colorEiiPS2_.part.0
                0x0800a600       0x40 bn_palettes_manager.o
 .text._ZN2bn14bg_palette_ptrC2ERKS0_
                0x0800a640       0x2c bn_palettes_manager.o
                0x0800a640                bn::bg_palette_ptr::bg_palette_ptr(bn::bg_palette_ptr const&)
                0x0800a640                bn::bg_palette_ptr::bg_palette_ptr(bn::bg_palette_ptr const&)
 .text._ZNK2bn14bg_palette_ptr3bppEv
                0x0800a66c       0x20 bn_palettes_manager.o
                0x0800a66c                bn::bg_palette_ptr::bpp() const
 .text._ZN2bn18sprite_palette_ptrC2ERKS0_
                0x0800a68c       0x1c bn_palettes_manager.o
                0x0800a68c                bn::sprite_palette_ptr::sprite_palette_ptr(bn::sprite_palette_ptr const&)
                0x0800a68c                bn::sprite_palette_ptr::sprite_palette_ptr(bn::sprite_palette_ptr const&)
 .text._ZNK2bn18sprite_palette_ptr3bppEv
                0x0800a6a8       0x1c bn_palettes_manager.o
                0x0800a6a8                bn::sprite_palette_ptr::bpp() const
 .text._ZNK2bn13palettes_bank10log_statusEv
                0x0800a6c4      0x188 bn_palettes_manager.o
                0x0800a6c4                bn::palettes_bank::log_status() const
 .text._ZNK2bn13palettes_bank20retrieve_commit_dataEv
                0x0800a84c       0x4c bn_palettes_manager.o
                0x0800a84c                bn::palettes_bank::retrieve_commit_data() const
 .text._ZNK2bn13palettes_bank12_same_colorsERKNS_4spanIKNS_5colorEEEi
                0x0800a898       0x50 bn_palettes_manager.o
                0x0800a898                bn::palettes_bank::_same_colors(bn::span<bn::color const> const&, int) const
 .text._ZN2bn13palettes_bank10find_bpp_4ERKNS_4spanIKNS_5colorEEEt
                0x0800a8e8       0xdc bn_palettes_manager.o
                0x0800a8e8                bn::palettes_bank::find_bpp_4(bn::span<bn::color const> const&, unsigned short)
 .text._ZNK2bn13palettes_bank21_apply_global_effectsEiPNS_5colorE
                0x0800a9c4      0x13c bn_palettes_manager.o
                0x0800a9c4                bn::palettes_bank::_apply_global_effects(int, bn::color*) const
 .text._ZNK2bn13palettes_bank25fill_hblank_effect_colorsEPKNS_5colorEPt
                0x0800ab00       0x30 bn_palettes_manager.o
                0x0800ab00                bn::palettes_bank::fill_hblank_effect_colors(bn::color const*, unsigned short*) const
 .text._ZNK2bn13palettes_bank7palette13apply_effectsEiPNS_5colorE
                0x0800ab30       0xbc bn_palettes_manager.o
                0x0800ab30                bn::palettes_bank::palette::apply_effects(int, bn::color*) const
 .text._ZNK2bn13palettes_bank25fill_hblank_effect_colorsEiPKNS_5colorEPt
                0x0800abec       0x44 bn_palettes_manager.o
                0x0800abec                bn::palettes_bank::fill_hblank_effect_colors(int, bn::color const*, unsigned short*) const
 .text._ZN2bn13palettes_bank15_update_paletteEi
                0x0800ac30       0x6c bn_palettes_manager.o
                0x0800ac30                bn::palettes_bank::_update_palette(int)
 .text._ZN2bn13palettes_bank6updateEv
                0x0800ac9c      0x124 bn_palettes_manager.o
                0x0800ac9c                bn::palettes_bank::update()
 .text._ZN2bn13palettes_bankC2Ev
                0x0800adc0       0xcc bn_palettes_manager.o
                0x0800adc0                bn::palettes_bank::palettes_bank()
                0x0800adc0                bn::palettes_bank::palettes_bank()
 .text._ZN2bn16palettes_manager20sprite_palettes_bankEv
                0x0800ae8c        0x8 bn_palettes_manager.o
                0x0800ae8c                bn::palettes_manager::sprite_palettes_bank()
 .text._ZN2bn16palettes_manager16bg_palettes_bankEv
                0x0800ae94        0x8 bn_palettes_manager.o
                0x0800ae94                bn::palettes_manager::bg_palettes_bank()
 .text._ZN2bn16palettes_manager6updateEv
                0x0800ae9c       0x20 bn_palettes_manager.o
                0x0800ae9c                bn::palettes_manager::update()
 .text._ZN2bn16palettes_manager6commitEb
                0x0800aebc       0xf4 bn_palettes_manager.o
                0x0800aebc                bn::palettes_manager::commit(bool)
 .text._ZN2bn16palettes_manager4stopEv
                0x0800afb0       0x20 bn_palettes_manager.o
                0x0800afb0                bn::palettes_manager::stop()
 .text._ZN3_bn6assert9show_argsIA35_cEEvPKcS4_S4_iRKT_
                0x0800afd0       0x50 bn_palettes_manager.o
                0x0800afd0                void _bn::assert::show_args<char [35]>(char const*, char const*, char const*, int, char const (&) [35])
 .text._ZN2bn13palettes_bank11colors_hashERKNS_4spanIKNS_5colorEEE
                0x0800b020       0x50 bn_palettes_manager.o
                0x0800b020                bn::palettes_bank::colors_hash(bn::span<bn::color const> const&)
 .text._ZN3_bn6assert9show_argsIJA43_ciA36_cA42_cEEEvPKcS6_S6_iDpRKT_
                0x0800b070       0x68 bn_palettes_manager.o
                0x0800b070                void _bn::assert::show_args<char [43], int, char [36], char [42]>(char const*, char const*, char const*, int, char const (&) [43], int const&, char const (&) [36], char const (&) [42])
 .text._ZN2bn13palettes_bank12create_bpp_8ERKNS_4spanIKNS_5colorEEENS_16compression_typeEb
                0x0800b0d8      0x22c bn_palettes_manager.o
                0x0800b0d8                bn::palettes_bank::create_bpp_8(bn::span<bn::color const> const&, bn::compression_type, bool)
 .text._ZNK2bn15bg_palette_item10decompressENS_4spanINS_5colorEEE
                0x0800b304      0x174 bn_palettes_manager.o
                0x0800b304                bn::bg_palette_item::decompress(bn::span<bn::color>) const
 .text._ZNK2bn19sprite_palette_item10decompressENS_4spanINS_5colorEEE
                0x0800b478      0x174 bn_palettes_manager.o
                0x0800b478                bn::sprite_palette_item::decompress(bn::span<bn::color>) const
 .text._ZN2bn13palettes_bank12create_bpp_4ERKNS_4spanIKNS_5colorEEEtb
                0x0800b5ec      0x298 bn_palettes_manager.o
                0x0800b5ec                bn::palettes_bank::create_bpp_4(bn::span<bn::color const> const&, unsigned short, bool)
 .text._ZN2bn12_GLOBAL__N_112_create_implERKNS_15bg_palette_itemEb
                0x0800b884       0x94 bn_palettes_manager.o
 .text._ZN2bn14bg_palette_ptr6createERKNS_15bg_palette_itemE
                0x0800b918       0x54 bn_palettes_manager.o
                0x0800b918                bn::bg_palette_ptr::create(bn::bg_palette_item const&)
 .text._ZNK2bn15bg_palette_item14create_paletteEv
                0x0800b96c       0x10 bn_palettes_manager.o
                0x0800b96c                bn::bg_palette_item::create_palette() const
 .text._ZN2bn12_GLOBAL__N_112_create_implERKNS_19sprite_palette_itemEb
                0x0800b97c       0x7c bn_palettes_manager.o
 .text._ZNK2bn19sprite_palette_item14create_paletteEv
                0x0800b9f8       0x48 bn_palettes_manager.o
                0x0800b9f8                bn::sprite_palette_item::create_palette() const
 .text._ZN2bn14iunordered_mapItsNS_13palettes_bank15identity_hasherENS_8equal_toItEEE5eraseERKNS5_14const_iteratorE.isra.0
                0x0800ba40      0x170 bn_palettes_manager.o
 .text._ZN2bn13palettes_bank15decrease_usagesEi.part.0
                0x0800bbb0       0xdc bn_palettes_manager.o
 .text._ZN2bn18sprite_palette_ptrD2Ev
                0x0800bc8c       0x30 bn_palettes_manager.o
                0x0800bc8c                bn::sprite_palette_ptr::~sprite_palette_ptr()
                0x0800bc8c                bn::sprite_palette_ptr::~sprite_palette_ptr()
 .text._ZN2bn14bg_palette_ptrD2Ev
                0x0800bcbc       0x3c bn_palettes_manager.o
                0x0800bcbc                bn::bg_palette_ptr::~bg_palette_ptr()
                0x0800bcbc                bn::bg_palette_ptr::~bg_palette_ptr()
 .text._ZN2bn14bg_palette_ptraSERKS0_
                0x0800bcf8       0x5c bn_palettes_manager.o
                0x0800bcf8                bn::bg_palette_ptr::operator=(bn::bg_palette_ptr const&)
 .text.startup._GLOBAL__sub_I__ZN2bn11bg_palettes17used_colors_countEv
                0x0800bd54       0x20 bn_palettes_manager.o
 .text._ZN2bn26sprite_affine_mats_manager12_GLOBAL__N_119_sprite_double_sizeILi32ELi16EEEbiiiii
                0x0800bd74       0x84 bn_sprite_affine_mats_manager.o
 .text._ZN2bn26sprite_affine_mats_manager12_GLOBAL__N_119_sprite_double_sizeILi16ELi32EEEbiiiii
                0x0800bdf8       0x84 bn_sprite_affine_mats_manager.o
 .text._ZN2bn26sprite_affine_mats_manager12_GLOBAL__N_124_update_flipped_identityEi
                0x0800be7c       0xb4 bn_sprite_affine_mats_manager.o
 .text._ZN2bn26sprite_affine_mats_manager12_GLOBAL__N_17_updateEi
                0x0800bf30       0x74 bn_sprite_affine_mats_manager.o
 .text._ZNK2bn21sprite_affine_mat_ptr14rotation_angleEv
                0x0800bfa4       0x14 bn_sprite_affine_mats_manager.o
                0x0800bfa4                bn::sprite_affine_mat_ptr::rotation_angle() const
 .text._ZNK2bn21sprite_affine_mat_ptr15horizontal_flipEv
                0x0800bfb8       0x18 bn_sprite_affine_mats_manager.o
                0x0800bfb8                bn::sprite_affine_mat_ptr::horizontal_flip() const
 .text._ZNK2bn21sprite_affine_mat_ptr13vertical_flipEv
                0x0800bfd0       0x18 bn_sprite_affine_mats_manager.o
                0x0800bfd0                bn::sprite_affine_mat_ptr::vertical_flip() const
 .text._ZNK2bn21sprite_affine_mat_ptr16flipped_identityEv
                0x0800bfe8       0x14 bn_sprite_affine_mats_manager.o
                0x0800bfe8                bn::sprite_affine_mat_ptr::flipped_identity() const
 .text._ZN2bn26sprite_affine_mats_manager13attach_spriteEiRNS_24intrusive_list_node_typeE
                0x0800bffc       0x2c bn_sprite_affine_mats_manager.o
                0x0800bffc                bn::sprite_affine_mats_manager::attach_sprite(int, bn::intrusive_list_node_type&)
 .text._ZN2bn26sprite_affine_mats_manager18sprite_double_sizeEiRKNS_17sprite_shape_sizeE
                0x0800c028      0x1e4 bn_sprite_affine_mats_manager.o
                0x0800c028                bn::sprite_affine_mats_manager::sprite_double_size(int, bn::sprite_shape_size const&)
 .text._ZN2bn26sprite_affine_mats_manager20retrieve_commit_dataEv
                0x0800c20c       0x38 bn_sprite_affine_mats_manager.o
                0x0800c20c                bn::sprite_affine_mats_manager::retrieve_commit_data()
 .text._ZN3_bn6assert9show_argsIA37_cEEvPKcS4_S4_iRKT_
                0x0800c244       0x50 bn_sprite_affine_mats_manager.o
                0x0800c244                void _bn::assert::show_args<char [37]>(char const*, char const*, char const*, int, char const (&) [37])
 .text._ZN2bn26sprite_affine_mats_manager18set_rotation_angleEiNS_7fixed_tILi12EEE
                0x0800c294      0x130 bn_sprite_affine_mats_manager.o
                0x0800c294                bn::sprite_affine_mats_manager::set_rotation_angle(int, bn::fixed_t<12>)
 .text._ZN2bn21sprite_affine_mat_ptr18set_rotation_angleENS_7fixed_tILi12EEE
                0x0800c3c4       0x14 bn_sprite_affine_mats_manager.o
                0x0800c3c4                bn::sprite_affine_mat_ptr::set_rotation_angle(bn::fixed_t<12>)
 .text._ZN2bn26sprite_affine_mats_manager12_GLOBAL__N_115_new_item_indexEv
                0x0800c3d8       0xd8 bn_sprite_affine_mats_manager.o
 .text._ZN2bn26sprite_affine_mats_manager15create_optionalERKNS_21affine_mat_attributesE
                0x0800c4b0       0xf8 bn_sprite_affine_mats_manager.o
                0x0800c4b0                bn::sprite_affine_mats_manager::create_optional(bn::affine_mat_attributes const&)
 .text._ZN2bn21sprite_affine_mat_ptr6createERKNS_21affine_mat_attributesE
                0x0800c5a8       0x3c bn_sprite_affine_mats_manager.o
                0x0800c5a8                bn::sprite_affine_mat_ptr::create(bn::affine_mat_attributes const&)
 .text._ZN2bn26sprite_affine_mats_manager15decrease_usagesEi.part.0
                0x0800c5e4       0x68 bn_sprite_affine_mats_manager.o
 .text._ZN2bn21sprite_affine_mat_ptrD2Ev
                0x0800c64c       0x34 bn_sprite_affine_mats_manager.o
                0x0800c64c                bn::sprite_affine_mat_ptr::~sprite_affine_mat_ptr()
                0x0800c64c                bn::sprite_affine_mat_ptr::~sprite_affine_mat_ptr()
 .text._ZN2bn26sprite_affine_mats_manager6updateEv
                0x0800c680       0xa0 bn_sprite_affine_mats_manager.o
                0x0800c680                bn::sprite_affine_mats_manager::update()
 .text._ZN2bn26sprite_affine_mats_manager4initEPv
                0x0800c720       0x6c bn_sprite_affine_mats_manager.o
                0x0800c720                bn::sprite_affine_mats_manager::init(void*)
 .text._ZN2bn26sprite_affine_mats_manager14dettach_spriteEiRNS_24intrusive_list_node_typeE
                0x0800c78c       0x4c bn_sprite_affine_mats_manager.o
                0x0800c78c                bn::sprite_affine_mats_manager::dettach_sprite(int, bn::intrusive_list_node_type&)
 .text.startup._GLOBAL__sub_I__ZN2bn18sprite_affine_mats10used_countEv
                0x0800c7d8       0x98 bn_sprite_affine_mats_manager.o
 .text.exit._GLOBAL__sub_D__ZN2bn18sprite_affine_mats10used_countEv
                0x0800c870       0x3c bn_sprite_affine_mats_manager.o
 .text._ZN2bn22isprite_animate_action9_set_refsERNS_10sprite_ptrERNS_17sprite_tiles_itemERNS_7ivectorItEE
                0x0800c8ac        0x4 bn_sprite_animate_actions.o
                0x0800c8ac                bn::isprite_animate_action::_set_refs(bn::sprite_ptr&, bn::sprite_tiles_item&, bn::ivector<unsigned short>&)
 .text._ZN2bn22isprite_animate_action7_assignERKS0_
                0x0800c8b0       0x10 bn_sprite_animate_actions.o
                0x0800c8b0                bn::isprite_animate_action::_assign(bn::isprite_animate_action const&)
 .text._ZN2bn22isprite_animate_action16set_wait_updatesEi
                0x0800c8c0       0x68 bn_sprite_animate_actions.o
                0x0800c8c0                bn::isprite_animate_action::set_wait_updates(int)
 .text._ZN3_bn6assert9show_argsIA33_ciEEvPKcS4_S4_iRKT_RKT0_
                0x0800c928       0x58 bn_sprite_animate_actions.o
                0x0800c928                void _bn::assert::show_args<char [33], int>(char const*, char const*, char const*, int, char const (&) [33], int const&)
 .text._ZN2bn22isprite_animate_action24_assign_graphics_indexesERKNS_4spanIKtEE
                0x0800c980       0x84 bn_sprite_animate_actions.o
                0x0800c980                bn::isprite_animate_action::_assign_graphics_indexes(bn::span<unsigned short const> const&)
 .text._ZN2bn22isprite_animate_action6updateEv
                0x0800ca04       0xb8 bn_sprite_animate_actions.o
                0x0800ca04                bn::isprite_animate_action::update()
 .text._ZN2bn21sprite_text_generator5_initEv
                0x0800cabc      0x1a8 bn_sprite_text_generator.o
                0x0800cabc                bn::sprite_text_generator::_init()
 .text._ZN2bn21sprite_text_generatorC2ERKNS_11sprite_fontE
                0x0800cc64       0x2c bn_sprite_text_generator.o
                0x0800cc64                bn::sprite_text_generator::sprite_text_generator(bn::sprite_font const&)
                0x0800cc64                bn::sprite_text_generator::sprite_text_generator(bn::sprite_font const&)
 .text._ZN3_bn6assert9show_argsIA54_cEEvPKcS4_S4_iRKT_
                0x0800cc90       0x50 bn_sprite_text_generator.o
                0x0800cc90                void _bn::assert::show_args<char [54]>(char const*, char const*, char const*, int, char const (&) [54])
 .text._ZN3_bn6assert9show_argsIJA25_ciA4_ctEEEvPKcS5_S5_iDpRKT_
                0x0800cce0       0x6c bn_sprite_text_generator.o
                0x0800cce0                void _bn::assert::show_args<char [25], int, char [4], unsigned short>(char const*, char const*, char const*, int, char const (&) [25], int const&, char const (&) [4], unsigned short const&)
 .text._ZN2bn14utf8_characterC2ERKc
                0x0800cd4c      0x140 bn_sprite_text_generator.o
                0x0800cd4c                bn::utf8_character::utf8_character(char const&)
                0x0800cd4c                bn::utf8_character::utf8_character(char const&)
 .text._ZN2bn12_GLOBAL__N_115_graphics_indexEcRKNS_23utf8_characters_map_refEPKcRi.part.0
                0x0800ce8c       0x8c bn_sprite_text_generator.o
 .text._ZN3_bn6assert9show_argsIJA20_ccA9_cN2bn11string_viewEA2_cEEEvPKcS8_S8_iDpRKT_
                0x0800cf18       0x70 bn_sprite_text_generator.o
                0x0800cf18                void _bn::assert::show_args<char [20], char, char [9], bn::string_view, char [2]>(char const*, char const*, char const*, int, char const (&) [20], char const&, char const (&) [9], bn::string_view const&, char const (&) [2])
 .text._ZNK2bn21sprite_text_generator5widthERKNS_11string_viewE
                0x0800cf88      0x244 bn_sprite_text_generator.o
                0x0800cf88                bn::sprite_text_generator::width(bn::string_view const&) const
 .text._ZN3_bn6assert9show_argsIA55_cEEvPKcS4_S4_iRKT_
                0x0800d1cc       0x50 bn_sprite_text_generator.o
                0x0800d1cc                void _bn::assert::show_args<char [55]>(char const*, char const*, char const*, int, char const (&) [55])
 .text._ZN2bn12_GLOBAL__N_120_build_sprite_assertILNS_11sprite_sizeE2EEEPNS_4tileERKNS_21sprite_text_generatorERKNS_18sprite_palette_ptrERKNS_11fixed_pointERNS_7ivectorINS_10sprite_ptrEEE
                0x0800d21c      0x1b4 bn_sprite_text_generator.o
 .text._ZN2bn12_GLOBAL__N_120_build_sprite_assertILNS_11sprite_sizeE1EEEPNS_4tileERKNS_21sprite_text_generatorERKNS_18sprite_palette_ptrERKNS_11fixed_pointERNS_7ivectorINS_10sprite_ptrEEE
                0x0800d3d0      0x1b4 bn_sprite_text_generator.o
 .text._ZN2bn12_GLOBAL__N_19_generateILb0EEEbRKNS_21sprite_text_generatorERKNS_11fixed_pointERKNS_11string_viewERKNS_23utf8_characters_map_refEiibRNS_7ivectorINS_10sprite_ptrEEE.isra.0
                0x0800d584     0x1118 bn_sprite_text_generator.o
 .text._ZNK2bn21sprite_text_generator8generateENS_7fixed_tILi12EEES2_RKNS_11string_viewERNS_7ivectorINS_10sprite_ptrEEE
                0x0800e69c       0x3c bn_sprite_text_generator.o
                0x0800e69c                bn::sprite_text_generator::generate(bn::fixed_t<12>, bn::fixed_t<12>, bn::string_view const&, bn::ivector<bn::sprite_ptr>&) const
 .text._ZNK2bn16sprite_tiles_ptr2idEv
                0x0800e6d8       0x18 bn_sprite_tiles_manager.o
                0x0800e6d8                bn::sprite_tiles_ptr::id() const
 .text._ZNK2bn16sprite_tiles_ptr11tiles_countEv
                0x0800e6f0       0x18 bn_sprite_tiles_manager.o
                0x0800e6f0                bn::sprite_tiles_ptr::tiles_count() const
 .text._ZN2bn20sprite_tiles_manager10log_statusEv
                0x0800e708      0x1ec bn_sprite_tiles_manager.o
                0x0800e708                bn::sprite_tiles_manager::log_status()
 .text._ZN2bn20sprite_tiles_manager19commit_uncompressedEb
                0x0800e8f4       0xdc bn_sprite_tiles_manager.o
                0x0800e8f4                bn::sprite_tiles_manager::commit_uncompressed(bool)
 .text._ZN2bn20sprite_tiles_manager17commit_compressedEv
                0x0800e9d0       0xe4 bn_sprite_tiles_manager.o
                0x0800e9d0                bn::sprite_tiles_manager::commit_compressed()
 .text._ZN3_bn6assert9show_argsIA27_chEEvPKcS4_S4_iRKT_RKT0_
                0x0800eab4       0x58 bn_sprite_tiles_manager.o
                0x0800eab4                void _bn::assert::show_args<char [27], unsigned char>(char const*, char const*, char const*, int, char const (&) [27], unsigned char const&)
 .text._ZN3_bn6assert9show_argsIJA44_cPKN2bn4tileEA4_cS6_EEEvPKcS9_S9_iDpRKT_
                0x0800eb0c       0x6c bn_sprite_tiles_manager.o
                0x0800eb0c                void _bn::assert::show_args<char [44], bn::tile const*, char [4], bn::tile const*>(char const*, char const*, char const*, int, char const (&) [44], bn::tile const* const&, char const (&) [4], bn::tile const* const&)
 .text._ZN3_bn6assert9show_argsIJA46_ciA4_cjEEEvPKcS5_S5_iDpRKT_
                0x0800eb78       0x6c bn_sprite_tiles_manager.o
                0x0800eb78                void _bn::assert::show_args<char [46], int, char [4], unsigned int>(char const*, char const*, char const*, int, char const (&) [46], int const&, char const (&) [4], unsigned int const&)
 .text._ZN3_bn6assert9show_argsIJA28_cA15_cPKN2bn4tileEA16_ciA34_cNS4_11string_viewEEEEvPKcSC_SC_iDpRKT_
                0x0800ebe4       0x84 bn_sprite_tiles_manager.o
                0x0800ebe4                void _bn::assert::show_args<char [28], char [15], bn::tile const*, char [16], int, char [34], bn::string_view>(char const*, char const*, char const*, int, char const (&) [28], char const (&) [15], bn::tile const* const&, char const (&) [16], int const&, char const (&) [34], bn::string_view const&)
 .text._ZN3_bn6assert9show_argsIA53_cEEvPKcS4_S4_iRKT_
                0x0800ec68       0x50 bn_sprite_tiles_manager.o
                0x0800ec68                void _bn::assert::show_args<char [53]>(char const*, char const*, char const*, int, char const (&) [53])
 .text._ZN3_bn6assert9show_argsIJA32_cA15_cPKN2bn4tileEA16_ciA34_cNS4_11string_viewEEEEvPKcSC_SC_iDpRKT_
                0x0800ecb8       0x84 bn_sprite_tiles_manager.o
                0x0800ecb8                void _bn::assert::show_args<char [32], char [15], bn::tile const*, char [16], int, char [34], bn::string_view>(char const*, char const*, char const*, int, char const (&) [32], char const (&) [15], bn::tile const* const&, char const (&) [16], int const&, char const (&) [34], bn::string_view const&)
 .text._ZN3_bn6assert9show_argsIJA44_ciA34_cN2bn11string_viewEEEEvPKcS7_S7_iDpRKT_
                0x0800ed3c       0x68 bn_sprite_tiles_manager.o
                0x0800ed3c                void _bn::assert::show_args<char [44], int, char [34], bn::string_view>(char const*, char const*, char const*, int, char const (&) [44], int const&, char const (&) [34], bn::string_view const&)
 .text._ZN2bn20sprite_tiles_manager4initEv
                0x0800eda4       0xf4 bn_sprite_tiles_manager.o
                0x0800eda4                bn::sprite_tiles_manager::init()
 .text._ZN2bn20sprite_tiles_manager12_GLOBAL__N_122_insert_to_commit_itemEiRNS1_9item_typeE.part.0
                0x0800ee98       0x6c bn_sprite_tiles_manager.o
 .text._ZN2bn20sprite_tiles_manager12_GLOBAL__N_117_insert_free_itemEiPt
                0x0800ef04       0xcc bn_sprite_tiles_manager.o
 .text._ZN2bn20sprite_tiles_manager12_GLOBAL__N_116_erase_free_itemEi
                0x0800efd0       0xe4 bn_sprite_tiles_manager.o
 .text._ZN2bn20sprite_tiles_manager12_GLOBAL__N_121_erase_to_commit_itemEiRNS1_9item_typeE
                0x0800f0b4      0x100 bn_sprite_tiles_manager.o
 .text._ZN2bn20sprite_tiles_manager15decrease_usagesEi
                0x0800f1b4      0x13c bn_sprite_tiles_manager.o
                0x0800f1b4                bn::sprite_tiles_manager::decrease_usages(int)
 .text._ZN2bn16sprite_tiles_ptrD2Ev
                0x0800f2f0       0x18 bn_sprite_tiles_manager.o
                0x0800f2f0                bn::sprite_tiles_ptr::~sprite_tiles_ptr()
                0x0800f2f0                bn::sprite_tiles_ptr::~sprite_tiles_ptr()
 .text._ZN2bn20sprite_tiles_manager12_GLOBAL__N_110_find_implEPKNS_4tileENS_16compression_typeEi
                0x0800f308      0x284 bn_sprite_tiles_manager.o
 .text._ZN2bn20sprite_tiles_manager4vramEi
                0x0800f58c       0x4c bn_sprite_tiles_manager.o
                0x0800f58c                bn::sprite_tiles_manager::vram(int)
 .text._ZN2bn16sprite_tiles_ptr4vramEv
                0x0800f5d8       0x14 bn_sprite_tiles_manager.o
                0x0800f5d8                bn::sprite_tiles_ptr::vram()
 .text._ZNK2bn17sprite_tiles_item10find_tilesEi
                0x0800f5ec       0xe0 bn_sprite_tiles_manager.o
                0x0800f5ec                bn::sprite_tiles_item::find_tiles(int) const
 .text._ZN2bn14iunordered_mapIPKNS_4tileEiNS_4hashIS3_EENS_8equal_toIS3_EEE5eraseERKNS8_14const_iteratorE.isra.0
                0x0800f6cc      0x178 bn_sprite_tiles_manager.o
 .text._ZN2bn20sprite_tiles_manager12_GLOBAL__N_112_create_itemEiPKNS_4tileENS_16compression_typeEib
                0x0800f844      0x2e8 bn_sprite_tiles_manager.o
 .text._ZN2bn20sprite_tiles_manager12_GLOBAL__N_114_allocate_implEi
                0x0800fb2c       0xf8 bn_sprite_tiles_manager.o
 .text._ZN2bn20sprite_tiles_manager8allocateEiNS_8bpp_modeE
                0x0800fc24       0xc0 bn_sprite_tiles_manager.o
                0x0800fc24                bn::sprite_tiles_manager::allocate(int, bn::bpp_mode)
 .text._ZN2bn16sprite_tiles_ptr8allocateEiNS_8bpp_modeE
                0x0800fce4       0x18 bn_sprite_tiles_manager.o
                0x0800fce4                bn::sprite_tiles_ptr::allocate(int, bn::bpp_mode)
 .text._ZN2bn20sprite_tiles_manager6updateEv
                0x0800fcfc      0x234 bn_sprite_tiles_manager.o
                0x0800fcfc                bn::sprite_tiles_manager::update()
 .text._ZN2bn20sprite_tiles_manager12_GLOBAL__N_112_create_implEPKNS_4tileENS_16compression_typeEi
                0x0800ff30      0x1f8 bn_sprite_tiles_manager.o
 .text._ZN2bn20sprite_tiles_manager10create_newERKNS_4spanIKNS_4tileEEENS_16compression_typeE
                0x08010128      0x18c bn_sprite_tiles_manager.o
                0x08010128                bn::sprite_tiles_manager::create_new(bn::span<bn::tile const> const&, bn::compression_type)
 .text._ZNK2bn17sprite_tiles_item16create_new_tilesEi
                0x080102b4       0xd4 bn_sprite_tiles_manager.o
                0x080102b4                bn::sprite_tiles_item::create_new_tiles(int) const
 .text._ZN2bn20sprite_tiles_manager6createERKNS_4spanIKNS_4tileEEENS_16compression_typeE
                0x08010388      0x13c bn_sprite_tiles_manager.o
                0x08010388                bn::sprite_tiles_manager::create(bn::span<bn::tile const> const&, bn::compression_type)
 .text._ZN2bn16sprite_tiles_ptr6createERKNS_17sprite_tiles_itemEi
                0x080104c4       0xd4 bn_sprite_tiles_manager.o
                0x080104c4                bn::sprite_tiles_ptr::create(bn::sprite_tiles_item const&, int)
 .text._ZNK2bn17sprite_tiles_item12create_tilesEv
                0x08010598       0x84 bn_sprite_tiles_manager.o
                0x08010598                bn::sprite_tiles_item::create_tiles() const
 .text._ZNK2bn17sprite_tiles_item12create_tilesEi
                0x0801061c       0xd4 bn_sprite_tiles_manager.o
                0x0801061c                bn::sprite_tiles_item::create_tiles(int) const
 .text.startup._GLOBAL__sub_I__ZN2bn12sprite_tiles16used_tiles_countEv
                0x080106f0      0x11c bn_sprite_tiles_manager.o
 .text._ZN2bn15sprites_manager12_GLOBAL__N_125_update_indexes_to_commitERKNS_20sprites_manager_itemE
                0x0801080c       0x48 bn_sprites_manager.o
 .text._ZN2bn13ostringstream11append_argsIiJA4_ciEEEvRKT_DpRKT0_.isra.0
                0x08010854       0x24 bn_sprites_manager.o
 .text._ZN2bn15sprites_manager12_GLOBAL__N_123_update_item_dimensionsERNS_20sprites_manager_itemE
                0x08010878       0xcc bn_sprites_manager.o
 .text._ZN2bn10sprite_ptrC2ERKS0_
                0x08010944        0xc bn_sprites_manager.o
                0x08010944                bn::sprite_ptr::sprite_ptr(bn::sprite_ptr const&)
                0x08010944                bn::sprite_ptr::sprite_ptr(bn::sprite_ptr const&)
 .text._ZNK2bn10sprite_ptr1xEv
                0x08010950        0x8 bn_sprites_manager.o
                0x08010950                bn::sprite_ptr::x() const
 .text._ZN2bn10sprite_ptr5set_xENS_7fixed_tILi12EEE
                0x08010958       0x48 bn_sprites_manager.o
                0x08010958                bn::sprite_ptr::set_x(bn::fixed_t<12>)
 .text._ZNK2bn10sprite_ptr1yEv
                0x080109a0        0x8 bn_sprites_manager.o
                0x080109a0                bn::sprite_ptr::y() const
 .text._ZN2bn10sprite_ptr5set_yENS_7fixed_tILi12EEE
                0x080109a8       0x44 bn_sprites_manager.o
                0x080109a8                bn::sprite_ptr::set_y(bn::fixed_t<12>)
 .text._ZN2bn10sprite_ptr12set_positionENS_7fixed_tILi12EEES2_
                0x080109ec       0x6c bn_sprites_manager.o
                0x080109ec                bn::sprite_ptr::set_position(bn::fixed_t<12>, bn::fixed_t<12>)
 .text._ZNK2bn10sprite_ptr14rotation_angleEv
                0x08010a58       0x1c bn_sprites_manager.o
                0x08010a58                bn::sprite_ptr::rotation_angle() const
 .text._ZN2bn10sprite_ptr11set_visibleEb
                0x08010a74       0x64 bn_sprites_manager.o
                0x08010a74                bn::sprite_ptr::set_visible(bool)
 .text._ZN2bn15sprites_manager4initEv
                0x08010ad8       0x34 bn_sprites_manager.o
                0x08010ad8                bn::sprites_manager::init()
 .text._ZN2bn15sprites_manager5hw_idEPv
                0x08010b0c        0x8 bn_sprites_manager.o
                0x08010b0c                bn::sprites_manager::hw_id(void*)
 .text._ZN2bn15sprites_manager5shapeEPv
                0x08010b14        0x8 bn_sprites_manager.o
                0x08010b14                bn::sprites_manager::shape(void*)
 .text._ZN2bn15sprites_manager4sizeEPv
                0x08010b1c        0x8 bn_sprites_manager.o
                0x08010b1c                bn::sprites_manager::size(void*)
 .text._ZN2bn15sprites_manager10shape_sizeEPv
                0x08010b24       0x14 bn_sprites_manager.o
                0x08010b24                bn::sprites_manager::shape_size(void*)
 .text._ZN2bn15sprites_manager11hw_positionEPv
                0x08010b38        0x4 bn_sprites_manager.o
                0x08010b38                bn::sprites_manager::hw_position(void*)
 .text._ZN2bn15sprites_manager9view_modeEPv
                0x08010b3c        0xc bn_sprites_manager.o
                0x08010b3c                bn::sprites_manager::view_mode(void*)
 .text._ZN2bn15sprites_manager10affine_matEPv
                0x08010b48        0x4 bn_sprites_manager.o
                0x08010b48                bn::sprites_manager::affine_mat(void*)
 .text._ZN2bn15sprites_manager22reserved_handles_countEv
                0x08010b4c       0x10 bn_sprites_manager.o
                0x08010b4c                bn::sprites_manager::reserved_handles_count()
 .text._ZN2bn15sprites_manager39fill_hblank_effect_horizontal_positionsEPviPKNS_7fixed_tILi12EEEPt
                0x08010b5c       0x44 bn_sprites_manager.o
                0x08010b5c                bn::sprites_manager::fill_hblank_effect_horizontal_positions(void*, int, bn::fixed_t<12> const*, unsigned short*)
 .text._ZN2bn15sprites_manager37fill_hblank_effect_vertical_positionsEPviPKNS_7fixed_tILi12EEEPt
                0x08010ba0       0x44 bn_sprites_manager.o
                0x08010ba0                bn::sprites_manager::fill_hblank_effect_vertical_positions(void*, int, bn::fixed_t<12> const*, unsigned short*)
 .text._ZN2bn15sprites_manager35fill_hblank_effect_first_attributesEiNS_12sprite_shapeENS_8bpp_modeEiPKNS_23sprite_first_attributesEPt
                0x08010be4      0x108 bn_sprites_manager.o
                0x08010be4                bn::sprites_manager::fill_hblank_effect_first_attributes(int, bn::sprite_shape, bn::bpp_mode, int, bn::sprite_first_attributes const*, unsigned short*)
 .text._ZN2bn15sprites_manager44fill_hblank_effect_regular_second_attributesEPviNS_11sprite_sizeEPKNS_32sprite_regular_second_attributesEPt
                0x08010cec       0x60 bn_sprites_manager.o
                0x08010cec                bn::sprites_manager::fill_hblank_effect_regular_second_attributes(void*, int, bn::sprite_size, bn::sprite_regular_second_attributes const*, unsigned short*)
 .text._ZN2bn15sprites_manager43fill_hblank_effect_affine_second_attributesEPviNS_11sprite_sizeEPKNS_31sprite_affine_second_attributesEPt
                0x08010d4c       0x58 bn_sprites_manager.o
                0x08010d4c                bn::sprites_manager::fill_hblank_effect_affine_second_attributes(void*, int, bn::sprite_size, bn::sprite_affine_second_attributes const*, unsigned short*)
 .text._ZN2bn15sprites_manager14update_camerasEv
                0x08010da4       0x2c bn_sprites_manager.o
                0x08010da4                bn::sprites_manager::update_cameras()
 .text._ZN2bn15sprites_manager29update_affine_mat_double_sizeEPvi
                0x08010dd0       0x64 bn_sprites_manager.o
                0x08010dd0                bn::sprites_manager::update_affine_mat_double_size(void*, int)
 .text._ZN2bn15sprites_manager6commitEb
                0x08010e34       0xa4 bn_sprites_manager.o
                0x08010e34                bn::sprites_manager::commit(bool)
 .text._ZNK2bn17sprite_shape_size11tiles_countENS_8bpp_modeE
                0x08010ed8      0x150 bn_sprites_manager.o
                0x08010ed8                bn::sprite_shape_size::tiles_count(bn::bpp_mode) const
 .text._ZN2bn15sprites_manager12_GLOBAL__N_118_remove_affine_matERNS_20sprites_manager_itemE
                0x08011028       0xd4 bn_sprites_manager.o
 .text._ZN2bn15sprites_manager40remove_identity_affine_mat_if_not_neededEPv
                0x080110fc       0x18 bn_sprites_manager.o
                0x080110fc                bn::sprites_manager::remove_identity_affine_mat_if_not_needed(void*)
 .text._ZN2bn14sprite_builder15release_paletteEv
                0x08011114       0x78 bn_sprites_manager.o
                0x08011114                bn::sprite_builder::release_palette()
 .text._ZN2bn14sprite_builder13release_tilesEv
                0x0801118c       0x78 bn_sprites_manager.o
                0x0801118c                bn::sprite_builder::release_tiles()
 .text._ZN2bn15sprites_manager7paletteEPv
                0x08011204       0x34 bn_sprites_manager.o
                0x08011204                bn::sprites_manager::palette(void*)
 .text._ZN2bn20sprites_manager_item13_builder_initERKNS_14sprite_builderE
                0x08011238      0x36c bn_sprites_manager.o
                0x08011238                bn::sprites_manager_item::_builder_init(bn::sprite_builder const&)
 .text._ZNK2bn20sprites_manager_item15new_double_sizeEi.part.0
                0x080115a4       0x30 bn_sprites_manager.o
 .text._ZN2bn15sprites_manager12_GLOBAL__N_118_assign_affine_matEbRNS_20sprites_manager_itemEONS_21sprite_affine_mat_ptrE
                0x080115d4      0x108 bn_sprites_manager.o
 .text._ZN2bn15sprites_manager18set_new_affine_matEPvRNS_21affine_mat_attributesE
                0x080116dc       0x94 bn_sprites_manager.o
                0x080116dc                bn::sprites_manager::set_new_affine_mat(void*, bn::affine_mat_attributes&)
 .text._ZN2bn14sprite_builder11set_z_orderEi
                0x08011770       0x48 bn_sprites_manager.o
                0x08011770                bn::sprite_builder::set_z_order(int)
 .text._ZN2bn14sprite_builderC2ERKNS_17sprite_shape_sizeENS_16sprite_tiles_ptrENS_18sprite_palette_ptrE
                0x080117b8      0x118 bn_sprites_manager.o
                0x080117b8                bn::sprite_builder::sprite_builder(bn::sprite_shape_size const&, bn::sprite_tiles_ptr, bn::sprite_palette_ptr)
                0x080117b8                bn::sprite_builder::sprite_builder(bn::sprite_shape_size const&, bn::sprite_tiles_ptr, bn::sprite_palette_ptr)
 .text._ZN2bn15sprites_manager9set_tilesEPvONS_16sprite_tiles_ptrE
                0x080118d0      0x120 bn_sprites_manager.o
                0x080118d0                bn::sprites_manager::set_tiles(void*, bn::sprite_tiles_ptr&&)
 .text._ZN2bn10sprite_ptr9set_tilesERKNS_17sprite_tiles_itemEi
                0x080119f0       0x80 bn_sprites_manager.o
                0x080119f0                bn::sprite_ptr::set_tiles(bn::sprite_tiles_item const&, int)
 .text._ZN2bn14sprite_builder15set_bg_priorityEi
                0x08011a70       0x38 bn_sprites_manager.o
                0x08011a70                bn::sprite_builder::set_bg_priority(int)
 .text._ZN2bn15sprites_manager6updateEv
                0x08011aa8      0x17c bn_sprites_manager.o
                0x08011aa8                bn::sprites_manager::update()
 .text._ZN3_bn6assert9show_argsIJA27_ciA4_ciEEEvPKcS5_S5_iDpRKT_
                0x08011c24       0x5c bn_sprites_manager.o
                0x08011c24                void _bn::assert::show_args<char [27], int, char [4], int>(char const*, char const*, char const*, int, char const (&) [27], int const&, char const (&) [4], int const&)
 .text._ZN2bn15sprites_manager35fill_hblank_effect_third_attributesENS_17sprite_shape_sizeEPKNS_23sprite_third_attributesEPt
                0x08011c80       0xb4 bn_sprites_manager.o
                0x08011c80                bn::sprites_manager::fill_hblank_effect_third_attributes(bn::sprite_shape_size, bn::sprite_third_attributes const*, unsigned short*)
 .text._ZN2bn14sorted_sprites6sorter6insertERNS_20sprites_manager_itemE
                0x08011d34      0x170 bn_sprites_manager.o
                0x08011d34                bn::sorted_sprites::sorter::insert(bn::sprites_manager_item&)
 .text._ZN2bn15sprites_manager6createEONS_14sprite_builderE
                0x08011ea4      0x180 bn_sprites_manager.o
                0x08011ea4                bn::sprites_manager::create(bn::sprite_builder&&)
 .text._ZN2bn10sprite_ptr6createEONS_14sprite_builderE
                0x08012024       0x14 bn_sprites_manager.o
                0x08012024                bn::sprite_ptr::create(bn::sprite_builder&&)
 .text._ZN2bn15sprites_manager6createERKNS_11fixed_pointERKNS_17sprite_shape_sizeEONS_16sprite_tiles_ptrEONS_18sprite_palette_ptrE
                0x08012038      0x1e4 bn_sprites_manager.o
                0x08012038                bn::sprites_manager::create(bn::fixed_point const&, bn::sprite_shape_size const&, bn::sprite_tiles_ptr&&, bn::sprite_palette_ptr&&)
 .text._ZNK2bn11sprite_item13create_spriteENS_7fixed_tILi12EEES2_
                0x0801221c       0x44 bn_sprites_manager.o
                0x0801221c                bn::sprite_item::create_sprite(bn::fixed_t<12>, bn::fixed_t<12>) const
 .text._ZN2bn15sprites_manager15decrease_usagesEPv
                0x08012260      0x17c bn_sprites_manager.o
                0x08012260                bn::sprites_manager::decrease_usages(void*)
 .text._ZN2bn10sprite_ptrD2Ev
                0x080123dc       0x18 bn_sprites_manager.o
                0x080123dc                bn::sprite_ptr::~sprite_ptr()
                0x080123dc                bn::sprite_ptr::~sprite_ptr()
 .text._ZN2bn10sprite_ptr11set_z_orderEi
                0x080123f4      0x148 bn_sprites_manager.o
                0x080123f4                bn::sprite_ptr::set_z_order(int)
 .text._ZN2bn10sprite_ptr18set_rotation_angleENS_7fixed_tILi12EEE
                0x0801253c       0xc0 bn_sprites_manager.o
                0x0801253c                bn::sprite_ptr::set_rotation_angle(bn::fixed_t<12>)
 .text.startup._GLOBAL__sub_I__ZN2bn7sprites16used_items_countEv
                0x080125fc       0x9c bn_sprites_manager.o
 .text.exit._GLOBAL__sub_D__ZN2bn7sprites16used_items_countEv
                0x08012698       0x4c bn_sprites_manager.o
 .text._ZN2bn13ostringstreamC2ERNS_12istring_baseE
                0x080126e4        0x8 bn_sstream.o
                0x080126e4                bn::ostringstream::ostringstream(bn::istring_base&)
                0x080126e4                bn::ostringstream::ostringstream(bn::istring_base&)
 .text._ZNK2bn13ostringstream4sizeEv
                0x080126ec        0x8 bn_sstream.o
                0x080126ec                bn::ostringstream::size() const
 .text._ZN2bn13ostringstream6appendEPKc
                0x080126f4       0x88 bn_sstream.o
                0x080126f4                bn::ostringstream::append(char const*)
 .text._ZN2bn13ostringstream6appendEi
                0x0801277c       0x9c bn_sstream.o
                0x0801277c                bn::ostringstream::append(int)
 .text._ZN2bn13ostringstream6appendERKNS_11string_viewE
                0x08012818       0x94 bn_sstream.o
                0x08012818                bn::ostringstream::append(bn::string_view const&)
 .text._ZN2bn13ostringstream6appendEj
                0x080128ac       0x9c bn_sstream.o
                0x080128ac                bn::ostringstream::append(unsigned int)
 .text._ZN2bn13ostringstream6appendEPKv
                0x08012948       0xe8 bn_sstream.o
                0x08012948                bn::ostringstream::append(void const*)
 .text._ZN2bn13ostringstream16_append_fractionEji
                0x08012a30       0xfc bn_sstream.o
                0x08012a30                bn::ostringstream::_append_fraction(unsigned int, int)
 .text._ZN2bn13ostringstream6appendEc
                0x08012b2c       0x44 bn_sstream.o
                0x08012b2c                bn::ostringstream::append(char)
 .text._ZN2bn5timerC2Ev
                0x08012b70       0x18 bn_timer.o
                0x08012b70                bn::timer::timer()
                0x08012b70                bn::timer::timer()
 .text._ZNK2bn5timer13elapsed_ticksEv
                0x08012b88       0x38 bn_timer.o
                0x08012b88                bn::timer::elapsed_ticks() const
 .text._ZN2bn5timer7restartEv
                0x08012bc0       0x18 bn_timer.o
                0x08012bc0                bn::timer::restart()
 .text._ZN2bn2hw5audio12_GLOBAL__N_124_disabled_vblank_handlerEv
                0x08012bd8       0x10 bn_hw_audio.o
 .text._ZN2bn2hw5audio12_GLOBAL__N_17_commitEv
                0x08012be8       0x7c bn_hw_audio.o
 .text._ZN2bn2hw5audio12_GLOBAL__N_123_enabled_vblank_handlerEv
                0x08012c64       0x24 bn_hw_audio.o
 .text._ZN2bn2hw5audio4initEv
                0x08012c88       0x68 bn_hw_audio.o
                0x08012c88                bn::hw::audio::init()
 .text._ZN2bn2hw5audio7disableEv
                0x08012cf0       0x30 bn_hw_audio.o
                0x08012cf0                bn::hw::audio::disable()
 .text._ZN2bn2hw5audio13music_playingEv
                0x08012d20       0x10 bn_hw_audio.o
                0x08012d20                bn::hw::audio::music_playing()
 .text._ZN2bn2hw5audio10play_musicEib
                0x08012d30       0x24 bn_hw_audio.o
                0x08012d30                bn::hw::audio::play_music(int, bool)
 .text._ZN2bn2hw5audio10stop_musicEv
                0x08012d54        0xc bn_hw_audio.o
                0x08012d54                bn::hw::audio::stop_music()
 .text._ZN2bn2hw5audio11pause_musicEv
                0x08012d60        0xc bn_hw_audio.o
                0x08012d60                bn::hw::audio::pause_music()
 .text._ZN2bn2hw5audio12resume_musicEv
                0x08012d6c        0xc bn_hw_audio.o
                0x08012d6c                bn::hw::audio::resume_music()
 .text._ZN2bn2hw5audio14music_positionEv
                0x08012d78        0xc bn_hw_audio.o
                0x08012d78                bn::hw::audio::music_position()
 .text._ZN2bn2hw5audio18set_music_positionEi
                0x08012d84        0xc bn_hw_audio.o
                0x08012d84                bn::hw::audio::set_music_position(int)
 .text._ZN2bn2hw5audio16set_music_volumeEi
                0x08012d90        0xc bn_hw_audio.o
                0x08012d90                bn::hw::audio::set_music_volume(int)
 .text._ZN2bn2hw5audio15set_music_tempoEi
                0x08012d9c        0xc bn_hw_audio.o
                0x08012d9c                bn::hw::audio::set_music_tempo(int)
 .text._ZN2bn2hw5audio15set_music_pitchEi
                0x08012da8        0xc bn_hw_audio.o
                0x08012da8                bn::hw::audio::set_music_pitch(int)
 .text._ZN2bn2hw5audio22disable_vblank_handlerEv
                0x08012db4       0x14 bn_hw_audio.o
                0x08012db4                bn::hw::audio::disable_vblank_handler()
 .text._ZN2bn2hw5audio6updateEb
                0x08012dc8       0x18 bn_hw_audio.o
                0x08012dc8                bn::hw::audio::update(bool)
 .text._ZN2bn2hw5audio6commitEv
                0x08012de0       0x20 bn_hw_audio.o
                0x08012de0                bn::hw::audio::commit()
 .text._ZN2bn2hw5audio12_GLOBAL__N_119_add_sound_to_queueEit
                0x08012e00       0xa0 bn_hw_audio.o
 .text._ZN2bn2hw5audio15stop_all_soundsEv
                0x08012ea0       0x6c bn_hw_audio.o
                0x08012ea0                bn::hw::audio::stop_all_sounds()
 .text._ZN2bn2hw5audio12_GLOBAL__N_119_check_sounds_queueEv.part.0
                0x08012f0c       0x98 bn_hw_audio.o
 .text._ZN2bn2hw5audio10play_soundEiiiii
                0x08012fa4       0x44 bn_hw_audio.o
                0x08012fa4                bn::hw::audio::play_sound(int, int, int, int, int)
 .text._ZN2bn2hw5audio10play_soundEii
                0x08012fe8       0x30 bn_hw_audio.o
                0x08012fe8                bn::hw::audio::play_sound(int, int)
 .text._ZN2bn2hw5audio19update_sounds_queueEv